157.245.204.210 - - [14/Dec/2022:22:28:37 +0000] "GET //media/wp-includes/wlwmanifest.xml HTTP/1.1" 404 518 "-" "Mozilla/5.0 (Windows NT 10.0; Win64; x64) AppleWebKit/537.36 (KHTML, like Gecko) Chrome/78.0.3904.108 Safari/537.36"
157.245.204.210 - - [14/Dec/2022:22:28:37 +0000] "GET //wp2/wp-includes/wlwmanifest.xml HTTP/1.1" 404 2537 "-" "Mozilla/5.0 (Windows NT 10.0; Win64; x64) AppleWebKit/537.36 (KHTML, like Gecko) Chrome/78.0.3904.108 Safari/537.36"
157.245.204.210 - - [14/Dec/2022:22:28:37 +0000] "GET //site/wp-includes/wlwmanifest.xml HTTP/1.1" 404 2540 "-" "Mozilla/5.0 (Windows NT 10.0; Win64; x64) AppleWebKit/537.36 (KHTML, like Gecko) Chrome/78.0.3904.108 Safari/537.36"
157.245.204.210 - - [14/Dec/2022:22:28:37 +0000] "GET //cms/wp-includes/wlwmanifest.xml HTTP/1.1" 404 2537 "-" "Mozilla/5.0 (Windows NT 10.0; Win64; x64) AppleWebKit/537.36 (KHTML, like Gecko) Chrome/78.0.3904.108 Safari/537.36"
157.245.204.210 - - [14/Dec/2022:22:28:38 +0000] "GET //sito/wp-includes/wlwmanifest.xml HTTP/1.1" 404 2540 "-" "Mozilla/5.0 (Windows NT 10.0; Win64; x64) AppleWebKit/537.36 (KHTML, like Gecko) Chrome/78.0.3904.108 Safari/537.36"
152.89.196.211 - - [14/Dec/2022:22:35:39 +0000] "GET /actuator/gateway/routes HTTP/1.1" 404 2453 "-" "Mozilla/5.0 (Windows NT 10.0; Win64; x64) AppleWebKit/537.36 (KHTML, like Gecko) Chrome/78.0.3904.108 Safari/537.36"
185.254.196.223 - - [14/Dec/2022:23:12:14 +0000] "GET /.env HTTP/1.1" 404 2430 "-" "Mozilla/5.0 (X11; Linux x86_64) AppleWebKit/537.36 (KHTML, like Gecko) Chrome/81.0.4044.129 Safari/537.36"
185.254.196.223 - - [14/Dec/2022:23:12:14 +0000] "POST / HTTP/1.1" 200 3746 "-" "Mozilla/5.0 (X11; Linux x86_64) AppleWebKit/537.36 (KHTML, like Gecko) Chrome/81.0.4044.129 Safari/537.36"
152.89.196.211 - - [14/Dec/2022:23:15:11 +0000] "GET / HTTP/1.1" 200 8475 "-" "Mozilla/5.0 (Windows NT 10.0; Win64; x64) AppleWebKit/537.36 (KHTML, like Gecko) Chrome/78.0.3904.108 Safari/537.36"
178.128.203.4 - - [14/Dec/2022:23:16:28 +0000] "GET / HTTP/1.1" 200 3690 "-" "Mozilla/5.0 (Windows NT 10.0; Win64; x64) AppleWebKit/537.36 (KHTML, like Gecko) Chrome/108.0.0.0 Safari/537.36"
143.110.222.166 - - [14/Dec/2022:23:20:46 +0000] "GET / HTTP/1.1" 200 3690 "-" "Mozilla/5.0 (iPhone; CPU iPhone OS 16_1 like Mac OS X) AppleWebKit/605.1.15 (KHTML, like Gecko) Version/16.1 Mobile/15E148 Safari/604.1"
198.199.114.240 - - [14/Dec/2022:23:39:35 +0000] "GET /version HTTP/1.1" 404 6940 "-" "Mozilla/5.0 zgrab/0.x"
193.47.61.60 - - [15/Dec/2022:00:02:25 +0000] "GET / HTTP/1.1" 200 10982 "-" "-"
193.47.61.60 - - [15/Dec/2022:00:02:30 +0000] "POST /cacti2/graph_realtime.php?action=init HTTP/1.1" 400 484 "-" "-"
152.89.196.211 - - [15/Dec/2022:00:08:44 +0000] "POST /vendor/phpunit/phpunit/src/Util/PHP/eval-stdin.php HTTP/1.1" 404 7281 "-" "Mozilla/5.0 (Windows NT 10.0; Win64; x64) AppleWebKit/537.36 (KHTML, like Gecko) Chrome/78.0.3904.108 Safari/537.36"
143.110.222.166 - - [15/Dec/2022:00:23:33 +0000] "GET / HTTP/1.1" 200 3690 "-" "Mozilla/5.0 (iPhone; CPU iPhone OS 16_1 like Mac OS X) AppleWebKit/605.1.15 (KHTML, like Gecko) Version/16.1 Mobile/15E148 Safari/604.1"
194.55.186.216 - - [15/Dec/2022:00:48:23 +0000] "POST /boaform/admin/formLogin HTTP/1.1" 404 2491 "http://172.104.12.97:80/admin/login.asp" "Mozilla/5.0 (X11; Ubuntu; Linux x86_64; rv:71.0) Gecko/20100101 Firefox/71.0"
143.110.222.166 - - [15/Dec/2022:01:20:27 +0000] "GET / HTTP/1.1" 200 3690 "-" "Mozilla/5.0 (iPhone; CPU iPhone OS 16_1 like Mac OS X) AppleWebKit/605.1.15 (KHTML, like Gecko) Version/16.1 Mobile/15E148 Safari/604.1"
152.89.196.211 - - [15/Dec/2022:01:53:11 +0000] "-" 408 4722 "-" "-"
20.214.172.177 - - [15/Dec/2022:02:01:40 +0000] "GET /.env HTTP/1.1" 404 2430 "-" "Mozilla/5.0 (X11; Linux x86_64) AppleWebKit/537.36 (KHTML, like Gecko) Chrome/81.0.4044.129 Safari/537.36"
20.214.172.177 - - [15/Dec/2022:02:01:41 +0000] "POST / HTTP/1.1" 200 3746 "-" "Mozilla/5.0 (X11; Linux x86_64) AppleWebKit/537.36 (KHTML, like Gecko) Chrome/81.0.4044.129 Safari/537.36"
185.254.196.223 - - [15/Dec/2022:02:12:05 +0000] "GET /.env HTTP/1.1" 404 2430 "-" "Mozilla/5.0 (X11; Linux x86_64) AppleWebKit/537.36 (KHTML, like Gecko) Chrome/81.0.4044.129 Safari/537.36"
185.254.196.223 - - [15/Dec/2022:02:12:06 +0000] "POST / HTTP/1.1" 200 3746 "-" "Mozilla/5.0 (X11; Linux x86_64) AppleWebKit/537.36 (KHTML, like Gecko) Chrome/81.0.4044.129 Safari/537.36"
143.110.222.166 - - [15/Dec/2022:02:21:32 +0000] "GET / HTTP/1.1" 200 3690 "-" "Mozilla/5.0 (iPhone; CPU iPhone OS 16_1 like Mac OS X) AppleWebKit/605.1.15 (KHTML, like Gecko) Version/16.1 Mobile/15E148 Safari/604.1"
34.76.96.55 - - [15/Dec/2022:02:21:47 +0000] "GET / HTTP/1.1" 200 8346 "-" "python-requests/2.28.1"
90.151.171.108 - - [15/Dec/2022:02:22:36 +0000] "CONNECT fingerprints.bablosoft.com:443 HTTP/1.1" 400 61164 "-" "Mozilla/5.0 (Windows NT 6.1; rv:16.0) Gecko/20100101 Firefox/16.0 (+https://best-proxies.ru/faq/#from)"
90.151.171.108 - - [15/Dec/2022:02:22:46 +0000] "GET http://fingerprints.bablosoft.com/ip?Z75600052982Q1 HTTP/1.1" 400 62379 "https://google.com/" "Mozilla/5.0 (Windows NT 6.1; rv:16.0) Gecko/20100101 Firefox/16.0 (+https://best-proxies.ru/faq/#from)"
152.89.196.211 - - [15/Dec/2022:02:41:31 +0000] "GET /index.php?s=/Index/\\think\\app/invokefunction&function=call_user_func_array&vars[0]=md5&vars[1][]=HelloThinkPHP21 HTTP/1.1" 404 7276 "-" "Mozilla/5.0 (Windows NT 10.0; Win64; x64) AppleWebKit/537.36 (KHTML, like Gecko) Chrome/78.0.3904.108 Safari/537.36"
194.55.186.216 - - [15/Dec/2022:03:06:25 +0000] "POST /boaform/admin/formLogin HTTP/1.1" 404 2491 "http://172.104.12.97:80/admin/login.asp" "Mozilla/5.0 (X11; Ubuntu; Linux x86_64; rv:71.0) Gecko/20100101 Firefox/71.0"
143.110.222.166 - - [15/Dec/2022:03:24:38 +0000] "GET / HTTP/1.1" 200 3690 "-" "Mozilla/5.0 (iPhone; CPU iPhone OS 16_1 like Mac OS X) AppleWebKit/605.1.15 (KHTML, like Gecko) Version/16.1 Mobile/15E148 Safari/604.1"
152.89.196.211 - - [15/Dec/2022:03:33:26 +0000] "GET /?XDEBUG_SESSION_START=phpstorm HTTP/1.1" 200 8475 "-" "Mozilla/5.0 (Windows NT 10.0; Win64; x64) AppleWebKit/537.36 (KHTML, like Gecko) Chrome/78.0.3904.108 Safari/537.36"
192.241.206.55 - - [15/Dec/2022:04:23:48 +0000] "GET / HTTP/1.1" 200 3690 "-" "Mozilla/5.0 zgrab/0.x"
143.110.222.166 - - [15/Dec/2022:04:28:23 +0000] "GET / HTTP/1.1" 200 3690 "-" "Mozilla/5.0 (iPhone; CPU iPhone OS 16_1 like Mac OS X) AppleWebKit/605.1.15 (KHTML, like Gecko) Version/16.1 Mobile/15E148 Safari/604.1"
15.235.118.56 - - [15/Dec/2022:04:46:25 +0000] "GET /.env HTTP/1.1" 404 2393 "-" "axios/1.2.1"
15.235.118.56 - - [15/Dec/2022:04:46:26 +0000] "GET /.env HTTP/1.1" 404 2393 "-" "axios/1.2.1"
67.205.188.206 - - [15/Dec/2022:04:49:04 +0000] "GET / HTTP/1.1" 200 10982 "-" "Mozilla/5.0 (Windows NT 10.0; Win64; x64; rv:79.0) Gecko/20100101 Firefox/79.0"
152.89.196.211 - - [15/Dec/2022:04:54:45 +0000] "POST /mifs/.;/services/LogService HTTP/1.1" 404 7214 "https://172.104.12.97:443" "Mozilla/5.0 (Windows NT 10.0; Win64; x64) AppleWebKit/537.36 (KHTML, like Gecko) Chrome/78.0.3904.108 Safari/537.36"
68.183.201.213 - - [15/Dec/2022:05:00:33 +0000] "\x16\x03\x01" 400 484 "-" "-"
68.183.201.213 - - [15/Dec/2022:05:00:33 +0000] "\x16\x03\x01" 400 484 "-" "-"
68.183.201.213 - - [15/Dec/2022:05:00:33 +0000] "GET / HTTP/1.1" 200 3690 "-" "Mozilla/5.0 (Windows NT 10.0; Win64; x64) AppleWebKit/537.36 (KHTML, like Gecko) Chrome/108.0.0.0 Safari/537.36"
205.185.125.234 - - [15/Dec/2022:05:02:41 +0000] "POST /wp-comments-post.php HTTP/1.1" 404 2442 "https://rootkitz.top/" "Mozilla/5.0"
192.241.212.84 - - [15/Dec/2022:05:09:27 +0000] "GET / HTTP/1.1" 200 8275 "-" "Mozilla/5.0 zgrab/0.x"
185.254.196.223 - - [15/Dec/2022:05:12:26 +0000] "GET /.env HTTP/1.1" 404 2430 "-" "Mozilla/5.0 (X11; Linux x86_64) AppleWebKit/537.36 (KHTML, like Gecko) Chrome/81.0.4044.129 Safari/537.36"
185.254.196.223 - - [15/Dec/2022:05:12:27 +0000] "POST / HTTP/1.1" 200 3746 "-" "Mozilla/5.0 (X11; Linux x86_64) AppleWebKit/537.36 (KHTML, like Gecko) Chrome/81.0.4044.129 Safari/537.36"
52.26.80.246 - - [15/Dec/2022:05:24:09 +0000] "GET /.env HTTP/1.1" 404 2430 "-" "Mozilla/5.0 (X11; Linux x86_64) AppleWebKit/537.36 (KHTML, like Gecko) Chrome/81.0.4044.129 Safari/537.36"
52.26.80.246 - - [15/Dec/2022:05:24:10 +0000] "POST / HTTP/1.1" 200 3746 "-" "Mozilla/5.0 (X11; Linux x86_64) AppleWebKit/537.36 (KHTML, like Gecko) Chrome/81.0.4044.129 Safari/537.36"
52.26.80.246 - - [15/Dec/2022:05:24:11 +0000] "GET /_profiler/phpinfo HTTP/1.1" 404 2469 "-" "Mozilla/5.0 (Linux; Android 7.0; SM-G892A Bulid/NRD90M; wv) AppleWebKit/537.36 (KHTML, like Gecko) Version/4.0 Chrome/60.0.3112.107 Moblie Safari/537.36"
52.26.80.246 - - [15/Dec/2022:05:24:12 +0000] "GET /phpinfo.php HTTP/1.1" 404 2451 "-" "Mozilla/5.0 (Linux; Android 7.0; SM-G892A Bulid/NRD90M; wv) AppleWebKit/537.36 (KHTML, like Gecko) Version/4.0 Chrome/60.0.3112.107 Moblie Safari/537.36"
52.26.80.246 - - [15/Dec/2022:05:24:12 +0000] "GET /phpinfo HTTP/1.1" 404 2439 "-" "Mozilla/5.0 (Linux; Android 7.0; SM-G892A Bulid/NRD90M; wv) AppleWebKit/537.36 (KHTML, like Gecko) Version/4.0 Chrome/60.0.3112.107 Moblie Safari/537.36"
52.26.80.246 - - [15/Dec/2022:05:24:18 +0000] "GET /aws.yml HTTP/1.1" 404 2439 "-" "Mozilla/5.0 (Linux; Android 7.0; SM-G892A Bulid/NRD90M; wv) AppleWebKit/537.36 (KHTML, like Gecko) Version/4.0 Chrome/60.0.3112.107 Moblie Safari/537.36"
52.26.80.246 - - [15/Dec/2022:05:24:18 +0000] "GET /.env.bak HTTP/1.1" 404 2442 "-" "Mozilla/5.0 (Linux; Android 7.0; SM-G892A Bulid/NRD90M; wv) AppleWebKit/537.36 (KHTML, like Gecko) Version/4.0 Chrome/60.0.3112.107 Moblie Safari/537.36"
52.26.80.246 - - [15/Dec/2022:05:24:19 +0000] "GET /info.php HTTP/1.1" 404 2442 "-" "Mozilla/5.0 (Linux; Android 7.0; SM-G892A Bulid/NRD90M; wv) AppleWebKit/537.36 (KHTML, like Gecko) Version/4.0 Chrome/60.0.3112.107 Moblie Safari/537.36"
52.26.80.246 - - [15/Dec/2022:05:24:20 +0000] "GET /.aws/credentials HTTP/1.1" 404 2466 "-" "Mozilla/5.0 (Linux; Android 7.0; SM-G892A Bulid/NRD90M; wv) AppleWebKit/537.36 (KHTML, like Gecko) Version/4.0 Chrome/60.0.3112.107 Moblie Safari/537.36"
52.26.80.246 - - [15/Dec/2022:05:24:21 +0000] "GET / HTTP/1.1" 200 3746 "-" "Mozilla/5.0 (Linux; Android 7.0; SM-G892A Bulid/NRD90M; wv) AppleWebKit/537.36 (KHTML, like Gecko) Version/4.0 Chrome/60.0.3112.107 Moblie Safari/537.36"
52.26.80.246 - - [15/Dec/2022:05:24:22 +0000] "GET /config/aws.yml HTTP/1.1" 404 2460 "-" "Mozilla/5.0 (Linux; Android 7.0; SM-G892A Bulid/NRD90M; wv) AppleWebKit/537.36 (KHTML, like Gecko) Version/4.0 Chrome/60.0.3112.107 Moblie Safari/537.36"
52.26.80.246 - - [15/Dec/2022:05:24:23 +0000] "GET / HTTP/1.1" 200 3746 "-" "Mozilla/5.0 (Linux; Android 7.0; SM-G892A Bulid/NRD90M; wv) AppleWebKit/537.36 (KHTML, like Gecko) Version/4.0 Chrome/60.0.3112.107 Moblie Safari/537.36"
52.26.80.246 - - [15/Dec/2022:05:24:23 +0000] "GET /config.js HTTP/1.1" 404 2445 "-" "Mozilla/5.0 (Linux; Android 7.0; SM-G892A Bulid/NRD90M; wv) AppleWebKit/537.36 (KHTML, like Gecko) Version/4.0 Chrome/60.0.3112.107 Moblie Safari/537.36"
143.110.222.166 - - [15/Dec/2022:05:24:30 +0000] "GET / HTTP/1.1" 200 3690 "-" "Mozilla/5.0 (iPhone; CPU iPhone OS 16_1 like Mac OS X) AppleWebKit/605.1.15 (KHTML, like Gecko) Version/16.1 Mobile/15E148 Safari/604.1"
152.89.196.211 - - [15/Dec/2022:05:29:32 +0000] "GET /console/ HTTP/1.1" 404 7154 "-" "Mozilla/5.0 (Windows NT 10.0; Win64; x64) AppleWebKit/537.36 (KHTML, like Gecko) Chrome/78.0.3904.108 Safari/537.36"
138.246.253.24 - - [15/Dec/2022:05:29:32 +0000] "GET /robots.txt HTTP/1.1" 404 7138 "-" "Mozilla/5.0 (Windows NT 10.0; Win64; x64) AppleWebKit/537.36 (KHTML, like Gecko) Chrome/103.0.5060.134 Safari/537.36"
192.241.192.26 - - [15/Dec/2022:05:58:03 +0000] "GET / HTTP/1.0" 400 620 "-" "-"
119.148.50.181 - - [15/Dec/2022:06:09:21 +0000] "GET / HTTP/1.1" 200 10982 "-" "Mozilla/5.0 (Windows NT 6.1; WOW64) AppleWebKit/537.36 (KHTML, like Gecko) Chrome/51.0.2704.103 Safari/537.36"
185.189.182.234 - - [15/Dec/2022:06:17:48 +0000] "GET / HTTP/1.1" 400 484 "-" "-"
143.110.222.166 - - [15/Dec/2022:06:22:50 +0000] "GET / HTTP/1.1" 200 3690 "-" "Mozilla/5.0 (iPhone; CPU iPhone OS 16_1 like Mac OS X) AppleWebKit/605.1.15 (KHTML, like Gecko) Version/16.1 Mobile/15E148 Safari/604.1"
49.36.81.239 - - [15/Dec/2022:06:28:48 +0000] "GET /wp-json/wc/store/ HTTP/1.1" 404 7246 "-" "Mozilla/5.0 (Windows NT 10.0; Win64; x64) AppleWebKit/537.36 (KHTML, like Gecko) Chrome/105.0.0.0 Safari/537.36"
54.245.180.79 - - [15/Dec/2022:06:33:55 +0000] "GET / HTTP/1.1" 301 503 "-" "Mozilla/5.0 (X11; Linux x86_64) AppleWebKit/537.36 (KHTML, like Gecko) Chrome/83.0.4103.97 Safari/537.36"
54.245.180.79 - - [15/Dec/2022:06:33:58 +0000] "GET / HTTP/1.1" 200 8460 "-" "Mozilla/5.0 (X11; Linux x86_64) AppleWebKit/537.36 (KHTML, like Gecko) Chrome/83.0.4103.97 Safari/537.36"
54.190.40.86 - - [15/Dec/2022:06:34:00 +0000] "GET / HTTP/1.1" 200 8460 "-" "Mozilla/5.0 (X11; Linux x86_64) AppleWebKit/537.36 (KHTML, like Gecko) Chrome/83.0.4103.97 Safari/537.36"
35.86.103.54 - - [15/Dec/2022:06:34:13 +0000] "GET /favicon.ico HTTP/1.1" 301 525 "-" "Mozilla/5.0 (X11; Linux x86_64) AppleWebKit/537.36 (KHTML, like Gecko) Chrome/83.0.4103.97 Safari/537.36"
18.237.218.99 - - [15/Dec/2022:06:34:13 +0000] "GET /favicon.ico HTTP/1.1" 301 525 "-" "Mozilla/5.0 (X11; Linux x86_64) AppleWebKit/537.36 (KHTML, like Gecko) Chrome/83.0.4103.97 Safari/537.36"
34.220.168.225 - - [15/Dec/2022:06:34:15 +0000] "GET /favicon.ico HTTP/1.1" 404 7141 "-" "Mozilla/5.0 (X11; Linux x86_64) AppleWebKit/537.36 (KHTML, like Gecko) Chrome/83.0.4103.97 Safari/537.36"
35.83.252.17 - - [15/Dec/2022:06:34:15 +0000] "GET /favicon.ico HTTP/1.1" 404 7141 "-" "Mozilla/5.0 (X11; Linux x86_64) AppleWebKit/537.36 (KHTML, like Gecko) Chrome/83.0.4103.97 Safari/537.36"
35.83.252.17 - - [15/Dec/2022:06:34:15 +0000] "GET / HTTP/1.1" 200 8460 "-" "Mozilla/5.0 (X11; Linux x86_64) AppleWebKit/537.36 (KHTML, like Gecko) Chrome/83.0.4103.97 Safari/537.36"
18.237.218.99 - - [15/Dec/2022:06:34:17 +0000] "GET / HTTP/1.1" 301 503 "-" "Mozilla/5.0 (X11; Linux x86_64) AppleWebKit/537.36 (KHTML, like Gecko) Chrome/83.0.4103.97 Safari/537.36"
34.220.168.225 - - [15/Dec/2022:06:34:18 +0000] "GET / HTTP/1.1" 200 8460 "-" "Mozilla/5.0 (X11; Linux x86_64) AppleWebKit/537.36 (KHTML, like Gecko) Chrome/83.0.4103.97 Safari/537.36"
18.237.218.99 - - [15/Dec/2022:06:34:19 +0000] "GET / HTTP/1.1" 200 8460 "http://10give.com" "Mozilla/5.0 (X11; Linux x86_64) AppleWebKit/537.36 (KHTML, like Gecko) Chrome/83.0.4103.97 Safari/537.36"
45.227.254.54 - - [15/Dec/2022:06:35:06 +0000] "\x03" 400 484 "-" "-"
193.118.53.194 - - [15/Dec/2022:06:36:23 +0000] "GET / HTTP/1.1" 200 8275 "-" "Mozilla/5.0 (Windows NT 10.0; Win64; x64) AppleWebKit/537.36 (KHTML, like Gecko) Chrome/60.0.3112.113 Safari/537.36"
152.89.196.211 - - [15/Dec/2022:07:00:33 +0000] "POST /Autodiscover/Autodiscover.xml HTTP/1.1" 404 7218 "-" "Mozilla/5.0 (Windows NT 10.0; Win64; x64) AppleWebKit/537.36 (KHTML, like Gecko) Chrome/78.0.3904.108 Safari/537.36"
143.110.222.166 - - [15/Dec/2022:07:19:43 +0000] "GET / HTTP/1.1" 200 3690 "-" "Mozilla/5.0 (iPhone; CPU iPhone OS 16_1 like Mac OS X) AppleWebKit/605.1.15 (KHTML, like Gecko) Version/16.1 Mobile/15E148 Safari/604.1"
162.55.85.226 - - [15/Dec/2022:07:20:53 +0000] "GET /robots.txt HTTP/1.1" 301 579 "-" "Mozilla/5.0 (compatible; BLEXBot/1.0; +http://webmeup-crawler.com/)"
162.55.85.226 - - [15/Dec/2022:07:20:53 +0000] "GET /robots.txt HTTP/1.1" 404 7210 "-" "Mozilla/5.0 (compatible; BLEXBot/1.0; +http://webmeup-crawler.com/)"
162.55.85.226 - - [15/Dec/2022:07:20:54 +0000] "GET / HTTP/1.1" 301 559 "-" "Mozilla/5.0 (compatible; BLEXBot/1.0; +http://webmeup-crawler.com/)"
162.55.85.226 - - [15/Dec/2022:07:20:54 +0000] "GET /robots.txt HTTP/1.1" 404 7210 "-" "Mozilla/5.0 (compatible; BLEXBot/1.0; +http://webmeup-crawler.com/)"
162.55.85.226 - - [15/Dec/2022:07:20:54 +0000] "GET / HTTP/1.1" 200 8532 "-" "Mozilla/5.0 (compatible; BLEXBot/1.0; +http://webmeup-crawler.com/)"
192.241.205.202 - - [15/Dec/2022:07:24:54 +0000] "GET /owa/auth/logon.aspx?url=https%3a%2f%2f1%2fecp%2f HTTP/1.1" 404 7005 "-" "Mozilla/5.0 zgrab/0.x"
92.118.39.29 - - [15/Dec/2022:07:30:10 +0000] "GET / HTTP/1.1" 200 10982 "-" "-"
167.172.78.169 - - [15/Dec/2022:07:32:21 +0000] "GET / HTTP/1.1" 301 559 "-" "Mozilla/5.0 (Windows NT 10.0; Win64; x64) AppleWebKit/537.36 (KHTML, like Gecko) Chrome/78.0.3904.108 Safari/537.36"
167.172.78.169 - - [15/Dec/2022:07:32:22 +0000] "GET / HTTP/1.1" 200 15627 "-" "Mozilla/5.0 (Windows NT 10.0; Win64; x64) AppleWebKit/537.36 (KHTML, like Gecko) Chrome/78.0.3904.108 Safari/537.36"
167.172.78.169 - - [15/Dec/2022:07:32:22 +0000] "GET //wp-includes/wlwmanifest.xml HTTP/1.1" 404 2525 "-" "Mozilla/5.0 (Windows NT 10.0; Win64; x64) AppleWebKit/537.36 (KHTML, like Gecko) Chrome/78.0.3904.108 Safari/537.36"
167.172.78.169 - - [15/Dec/2022:07:32:22 +0000] "GET //xmlrpc.php?rsd HTTP/1.1" 404 2478 "-" "Mozilla/5.0 (Windows NT 10.0; Win64; x64) AppleWebKit/537.36 (KHTML, like Gecko) Chrome/78.0.3904.108 Safari/537.36"
167.172.78.169 - - [15/Dec/2022:07:32:23 +0000] "GET / HTTP/1.1" 200 11095 "-" "Mozilla/5.0 (Windows NT 10.0; Win64; x64) AppleWebKit/537.36 (KHTML, like Gecko) Chrome/78.0.3904.108 Safari/537.36"
167.172.78.169 - - [15/Dec/2022:07:32:23 +0000] "GET //blog/wp-includes/wlwmanifest.xml HTTP/1.1" 404 2540 "-" "Mozilla/5.0 (Windows NT 10.0; Win64; x64) AppleWebKit/537.36 (KHTML, like Gecko) Chrome/78.0.3904.108 Safari/537.36"
167.172.78.169 - - [15/Dec/2022:07:32:23 +0000] "GET //web/wp-includes/wlwmanifest.xml HTTP/1.1" 404 2537 "-" "Mozilla/5.0 (Windows NT 10.0; Win64; x64) AppleWebKit/537.36 (KHTML, like Gecko) Chrome/78.0.3904.108 Safari/537.36"
167.172.78.169 - - [15/Dec/2022:07:32:24 +0000] "GET //wordpress/wp-includes/wlwmanifest.xml HTTP/1.1" 404 2555 "-" "Mozilla/5.0 (Windows NT 10.0; Win64; x64) AppleWebKit/537.36 (KHTML, like Gecko) Chrome/78.0.3904.108 Safari/537.36"
167.172.78.169 - - [15/Dec/2022:07:32:24 +0000] "GET //website/wp-includes/wlwmanifest.xml HTTP/1.1" 404 2549 "-" "Mozilla/5.0 (Windows NT 10.0; Win64; x64) AppleWebKit/537.36 (KHTML, like Gecko) Chrome/78.0.3904.108 Safari/537.36"
167.172.78.169 - - [15/Dec/2022:07:32:24 +0000] "GET //wp/wp-includes/wlwmanifest.xml HTTP/1.1" 404 2534 "-" "Mozilla/5.0 (Windows NT 10.0; Win64; x64) AppleWebKit/537.36 (KHTML, like Gecko) Chrome/78.0.3904.108 Safari/537.36"
167.172.78.169 - - [15/Dec/2022:07:32:24 +0000] "GET //news/wp-includes/wlwmanifest.xml HTTP/1.1" 404 2540 "-" "Mozilla/5.0 (Windows NT 10.0; Win64; x64) AppleWebKit/537.36 (KHTML, like Gecko) Chrome/78.0.3904.108 Safari/537.36"
167.172.78.169 - - [15/Dec/2022:07:32:25 +0000] "GET //2018/wp-includes/wlwmanifest.xml HTTP/1.1" 404 2540 "-" "Mozilla/5.0 (Windows NT 10.0; Win64; x64) AppleWebKit/537.36 (KHTML, like Gecko) Chrome/78.0.3904.108 Safari/537.36"
167.172.78.169 - - [15/Dec/2022:07:32:25 +0000] "GET //2019/wp-includes/wlwmanifest.xml HTTP/1.1" 404 2540 "-" "Mozilla/5.0 (Windows NT 10.0; Win64; x64) AppleWebKit/537.36 (KHTML, like Gecko) Chrome/78.0.3904.108 Safari/537.36"
167.172.78.169 - - [15/Dec/2022:07:32:25 +0000] "GET //shop/wp-includes/wlwmanifest.xml HTTP/1.1" 404 2540 "-" "Mozilla/5.0 (Windows NT 10.0; Win64; x64) AppleWebKit/537.36 (KHTML, like Gecko) Chrome/78.0.3904.108 Safari/537.36"
167.172.78.169 - - [15/Dec/2022:07:32:26 +0000] "GET //wp1/wp-includes/wlwmanifest.xml HTTP/1.1" 404 2537 "-" "Mozilla/5.0 (Windows NT 10.0; Win64; x64) AppleWebKit/537.36 (KHTML, like Gecko) Chrome/78.0.3904.108 Safari/537.36"
167.172.78.169 - - [15/Dec/2022:07:32:26 +0000] "GET //test/wp-includes/wlwmanifest.xml HTTP/1.1" 404 2540 "-" "Mozilla/5.0 (Windows NT 10.0; Win64; x64) AppleWebKit/537.36 (KHTML, like Gecko) Chrome/78.0.3904.108 Safari/537.36"
167.172.78.169 - - [15/Dec/2022:07:32:26 +0000] "GET //media/wp-includes/wlwmanifest.xml HTTP/1.1" 404 518 "-" "Mozilla/5.0 (Windows NT 10.0; Win64; x64) AppleWebKit/537.36 (KHTML, like Gecko) Chrome/78.0.3904.108 Safari/537.36"
167.172.78.169 - - [15/Dec/2022:07:32:26 +0000] "GET //wp2/wp-includes/wlwmanifest.xml HTTP/1.1" 404 2537 "-" "Mozilla/5.0 (Windows NT 10.0; Win64; x64) AppleWebKit/537.36 (KHTML, like Gecko) Chrome/78.0.3904.108 Safari/537.36"
167.172.78.169 - - [15/Dec/2022:07:32:27 +0000] "GET //site/wp-includes/wlwmanifest.xml HTTP/1.1" 404 2540 "-" "Mozilla/5.0 (Windows NT 10.0; Win64; x64) AppleWebKit/537.36 (KHTML, like Gecko) Chrome/78.0.3904.108 Safari/537.36"
167.172.78.169 - - [15/Dec/2022:07:32:27 +0000] "GET //cms/wp-includes/wlwmanifest.xml HTTP/1.1" 404 2537 "-" "Mozilla/5.0 (Windows NT 10.0; Win64; x64) AppleWebKit/537.36 (KHTML, like Gecko) Chrome/78.0.3904.108 Safari/537.36"
167.172.78.169 - - [15/Dec/2022:07:32:27 +0000] "GET //sito/wp-includes/wlwmanifest.xml HTTP/1.1" 404 2540 "-" "Mozilla/5.0 (Windows NT 10.0; Win64; x64) AppleWebKit/537.36 (KHTML, like Gecko) Chrome/78.0.3904.108 Safari/537.36"
192.241.202.124 - - [15/Dec/2022:07:33:49 +0000] "GET /actuator/health HTTP/1.1" 404 6964 "-" "Mozilla/5.0 zgrab/0.x"
90.151.171.108 - - [15/Dec/2022:07:34:17 +0000] "CONNECT check.best-proxies.ru:443 HTTP/1.1" 400 61076 "-" "Mozilla/5.0 (Windows NT 6.1; rv:16.0) Gecko/20100101 Firefox/16.0 (+https://best-proxies.ru/faq/#from)"
90.151.171.108 - - [15/Dec/2022:07:34:27 +0000] "GET http://check.best-proxies.ru/ip.php?Z75600052982Q1 HTTP/1.1" 400 62355 "https://google.com/" "Mozilla/5.0 (Windows NT 6.1; rv:16.0) Gecko/20100101 Firefox/16.0 (+https://best-proxies.ru/faq/#from)"
157.245.204.210 - - [15/Dec/2022:07:37:33 +0000] "GET / HTTP/1.1" 301 559 "-" "Mozilla/5.0 (Windows NT 10.0; Win64; x64) AppleWebKit/537.36 (KHTML, like Gecko) Chrome/78.0.3904.108 Safari/537.36"
157.245.204.210 - - [15/Dec/2022:07:37:34 +0000] "GET / HTTP/1.1" 200 15627 "-" "Mozilla/5.0 (Windows NT 10.0; Win64; x64) AppleWebKit/537.36 (KHTML, like Gecko) Chrome/78.0.3904.108 Safari/537.36"
157.245.204.210 - - [15/Dec/2022:07:37:35 +0000] "GET //wp-includes/wlwmanifest.xml HTTP/1.1" 404 2525 "-" "Mozilla/5.0 (Windows NT 10.0; Win64; x64) AppleWebKit/537.36 (KHTML, like Gecko) Chrome/78.0.3904.108 Safari/537.36"
157.245.204.210 - - [15/Dec/2022:07:37:37 +0000] "GET //xmlrpc.php?rsd HTTP/1.1" 404 2478 "-" "Mozilla/5.0 (Windows NT 10.0; Win64; x64) AppleWebKit/537.36 (KHTML, like Gecko) Chrome/78.0.3904.108 Safari/537.36"
157.245.204.210 - - [15/Dec/2022:07:37:37 +0000] "GET / HTTP/1.1" 200 11095 "-" "Mozilla/5.0 (Windows NT 10.0; Win64; x64) AppleWebKit/537.36 (KHTML, like Gecko) Chrome/78.0.3904.108 Safari/537.36"
157.245.204.210 - - [15/Dec/2022:07:37:38 +0000] "GET //blog/wp-includes/wlwmanifest.xml HTTP/1.1" 404 2540 "-" "Mozilla/5.0 (Windows NT 10.0; Win64; x64) AppleWebKit/537.36 (KHTML, like Gecko) Chrome/78.0.3904.108 Safari/537.36"
157.245.204.210 - - [15/Dec/2022:07:37:38 +0000] "GET //web/wp-includes/wlwmanifest.xml HTTP/1.1" 404 2537 "-" "Mozilla/5.0 (Windows NT 10.0; Win64; x64) AppleWebKit/537.36 (KHTML, like Gecko) Chrome/78.0.3904.108 Safari/537.36"
157.245.204.210 - - [15/Dec/2022:07:37:39 +0000] "GET //wordpress/wp-includes/wlwmanifest.xml HTTP/1.1" 404 2555 "-" "Mozilla/5.0 (Windows NT 10.0; Win64; x64) AppleWebKit/537.36 (KHTML, like Gecko) Chrome/78.0.3904.108 Safari/537.36"
157.245.204.210 - - [15/Dec/2022:07:37:39 +0000] "GET //website/wp-includes/wlwmanifest.xml HTTP/1.1" 404 2549 "-" "Mozilla/5.0 (Windows NT 10.0; Win64; x64) AppleWebKit/537.36 (KHTML, like Gecko) Chrome/78.0.3904.108 Safari/537.36"
157.245.204.210 - - [15/Dec/2022:07:37:40 +0000] "GET //wp/wp-includes/wlwmanifest.xml HTTP/1.1" 404 2534 "-" "Mozilla/5.0 (Windows NT 10.0; Win64; x64) AppleWebKit/537.36 (KHTML, like Gecko) Chrome/78.0.3904.108 Safari/537.36"
157.245.204.210 - - [15/Dec/2022:07:37:40 +0000] "GET //news/wp-includes/wlwmanifest.xml HTTP/1.1" 404 2540 "-" "Mozilla/5.0 (Windows NT 10.0; Win64; x64) AppleWebKit/537.36 (KHTML, like Gecko) Chrome/78.0.3904.108 Safari/537.36"
157.245.204.210 - - [15/Dec/2022:07:37:40 +0000] "GET //2018/wp-includes/wlwmanifest.xml HTTP/1.1" 404 2540 "-" "Mozilla/5.0 (Windows NT 10.0; Win64; x64) AppleWebKit/537.36 (KHTML, like Gecko) Chrome/78.0.3904.108 Safari/537.36"
157.245.204.210 - - [15/Dec/2022:07:37:40 +0000] "GET //2019/wp-includes/wlwmanifest.xml HTTP/1.1" 404 2540 "-" "Mozilla/5.0 (Windows NT 10.0; Win64; x64) AppleWebKit/537.36 (KHTML, like Gecko) Chrome/78.0.3904.108 Safari/537.36"
157.245.204.210 - - [15/Dec/2022:07:37:43 +0000] "GET //shop/wp-includes/wlwmanifest.xml HTTP/1.1" 404 2540 "-" "Mozilla/5.0 (Windows NT 10.0; Win64; x64) AppleWebKit/537.36 (KHTML, like Gecko) Chrome/78.0.3904.108 Safari/537.36"
157.245.204.210 - - [15/Dec/2022:07:37:43 +0000] "GET //wp1/wp-includes/wlwmanifest.xml HTTP/1.1" 404 2537 "-" "Mozilla/5.0 (Windows NT 10.0; Win64; x64) AppleWebKit/537.36 (KHTML, like Gecko) Chrome/78.0.3904.108 Safari/537.36"
157.245.204.210 - - [15/Dec/2022:07:37:46 +0000] "GET //test/wp-includes/wlwmanifest.xml HTTP/1.1" 404 2540 "-" "Mozilla/5.0 (Windows NT 10.0; Win64; x64) AppleWebKit/537.36 (KHTML, like Gecko) Chrome/78.0.3904.108 Safari/537.36"
185.7.214.218 - - [15/Dec/2022:07:38:08 +0000] "GET /remote/fgt_lang?lang=/../../../..//////////dev/cmdb/sslvpn_websession HTTP/1.1" 404 7245 "-" "Python-urllib/3.8"
157.245.204.210 - - [15/Dec/2022:07:38:22 +0000] "GET //media/wp-includes/wlwmanifest.xml HTTP/1.1" 404 5050 "-" "Mozilla/5.0 (Windows NT 10.0; Win64; x64) AppleWebKit/537.36 (KHTML, like Gecko) Chrome/78.0.3904.108 Safari/537.36"
157.245.204.210 - - [15/Dec/2022:07:38:22 +0000] "GET //wp2/wp-includes/wlwmanifest.xml HTTP/1.1" 404 2537 "-" "Mozilla/5.0 (Windows NT 10.0; Win64; x64) AppleWebKit/537.36 (KHTML, like Gecko) Chrome/78.0.3904.108 Safari/537.36"
157.245.204.210 - - [15/Dec/2022:07:38:22 +0000] "GET //site/wp-includes/wlwmanifest.xml HTTP/1.1" 404 2540 "-" "Mozilla/5.0 (Windows NT 10.0; Win64; x64) AppleWebKit/537.36 (KHTML, like Gecko) Chrome/78.0.3904.108 Safari/537.36"
157.245.204.210 - - [15/Dec/2022:07:38:22 +0000] "GET //cms/wp-includes/wlwmanifest.xml HTTP/1.1" 404 2537 "-" "Mozilla/5.0 (Windows NT 10.0; Win64; x64) AppleWebKit/537.36 (KHTML, like Gecko) Chrome/78.0.3904.108 Safari/537.36"
157.245.204.210 - - [15/Dec/2022:07:38:23 +0000] "GET //sito/wp-includes/wlwmanifest.xml HTTP/1.1" 404 2540 "-" "Mozilla/5.0 (Windows NT 10.0; Win64; x64) AppleWebKit/537.36 (KHTML, like Gecko) Chrome/78.0.3904.108 Safari/537.36"
152.89.196.211 - - [15/Dec/2022:07:38:43 +0000] "GET /_ignition/execute-solution HTTP/1.1" 404 7208 "-" "Mozilla/5.0 (Windows NT 10.0; Win64; x64) AppleWebKit/537.36 (KHTML, like Gecko) Chrome/78.0.3904.108 Safari/537.36"
167.172.78.169 - - [15/Dec/2022:07:54:58 +0000] "GET / HTTP/1.1" 301 559 "-" "Mozilla/5.0 (Windows NT 10.0; Win64; x64) AppleWebKit/537.36 (KHTML, like Gecko) Chrome/78.0.3904.108 Safari/537.36"
167.172.78.169 - - [15/Dec/2022:07:54:59 +0000] "GET / HTTP/1.1" 200 15627 "-" "Mozilla/5.0 (Windows NT 10.0; Win64; x64) AppleWebKit/537.36 (KHTML, like Gecko) Chrome/78.0.3904.108 Safari/537.36"
167.172.78.169 - - [15/Dec/2022:07:54:59 +0000] "GET //wp-includes/wlwmanifest.xml HTTP/1.1" 404 2525 "-" "Mozilla/5.0 (Windows NT 10.0; Win64; x64) AppleWebKit/537.36 (KHTML, like Gecko) Chrome/78.0.3904.108 Safari/537.36"
167.172.78.169 - - [15/Dec/2022:07:54:59 +0000] "GET //xmlrpc.php?rsd HTTP/1.1" 404 2478 "-" "Mozilla/5.0 (Windows NT 10.0; Win64; x64) AppleWebKit/537.36 (KHTML, like Gecko) Chrome/78.0.3904.108 Safari/537.36"
167.172.78.169 - - [15/Dec/2022:07:55:00 +0000] "GET / HTTP/1.1" 200 11095 "-" "Mozilla/5.0 (Windows NT 10.0; Win64; x64) AppleWebKit/537.36 (KHTML, like Gecko) Chrome/78.0.3904.108 Safari/537.36"
167.172.78.169 - - [15/Dec/2022:07:55:00 +0000] "GET //blog/wp-includes/wlwmanifest.xml HTTP/1.1" 404 2540 "-" "Mozilla/5.0 (Windows NT 10.0; Win64; x64) AppleWebKit/537.36 (KHTML, like Gecko) Chrome/78.0.3904.108 Safari/537.36"
167.172.78.169 - - [15/Dec/2022:07:55:00 +0000] "GET //web/wp-includes/wlwmanifest.xml HTTP/1.1" 404 2537 "-" "Mozilla/5.0 (Windows NT 10.0; Win64; x64) AppleWebKit/537.36 (KHTML, like Gecko) Chrome/78.0.3904.108 Safari/537.36"
167.172.78.169 - - [15/Dec/2022:07:55:00 +0000] "GET //wordpress/wp-includes/wlwmanifest.xml HTTP/1.1" 404 2555 "-" "Mozilla/5.0 (Windows NT 10.0; Win64; x64) AppleWebKit/537.36 (KHTML, like Gecko) Chrome/78.0.3904.108 Safari/537.36"
167.172.78.169 - - [15/Dec/2022:07:55:01 +0000] "GET //website/wp-includes/wlwmanifest.xml HTTP/1.1" 404 2549 "-" "Mozilla/5.0 (Windows NT 10.0; Win64; x64) AppleWebKit/537.36 (KHTML, like Gecko) Chrome/78.0.3904.108 Safari/537.36"
167.172.78.169 - - [15/Dec/2022:07:55:01 +0000] "GET //wp/wp-includes/wlwmanifest.xml HTTP/1.1" 404 2534 "-" "Mozilla/5.0 (Windows NT 10.0; Win64; x64) AppleWebKit/537.36 (KHTML, like Gecko) Chrome/78.0.3904.108 Safari/537.36"
167.172.78.169 - - [15/Dec/2022:07:55:01 +0000] "GET //news/wp-includes/wlwmanifest.xml HTTP/1.1" 404 2540 "-" "Mozilla/5.0 (Windows NT 10.0; Win64; x64) AppleWebKit/537.36 (KHTML, like Gecko) Chrome/78.0.3904.108 Safari/537.36"
167.172.78.169 - - [15/Dec/2022:07:55:02 +0000] "GET //2018/wp-includes/wlwmanifest.xml HTTP/1.1" 404 2540 "-" "Mozilla/5.0 (Windows NT 10.0; Win64; x64) AppleWebKit/537.36 (KHTML, like Gecko) Chrome/78.0.3904.108 Safari/537.36"
167.172.78.169 - - [15/Dec/2022:07:55:02 +0000] "GET //2019/wp-includes/wlwmanifest.xml HTTP/1.1" 404 2540 "-" "Mozilla/5.0 (Windows NT 10.0; Win64; x64) AppleWebKit/537.36 (KHTML, like Gecko) Chrome/78.0.3904.108 Safari/537.36"
167.172.78.169 - - [15/Dec/2022:07:55:02 +0000] "GET //shop/wp-includes/wlwmanifest.xml HTTP/1.1" 404 2540 "-" "Mozilla/5.0 (Windows NT 10.0; Win64; x64) AppleWebKit/537.36 (KHTML, like Gecko) Chrome/78.0.3904.108 Safari/537.36"
167.172.78.169 - - [15/Dec/2022:07:55:02 +0000] "GET //wp1/wp-includes/wlwmanifest.xml HTTP/1.1" 404 2537 "-" "Mozilla/5.0 (Windows NT 10.0; Win64; x64) AppleWebKit/537.36 (KHTML, like Gecko) Chrome/78.0.3904.108 Safari/537.36"
167.172.78.169 - - [15/Dec/2022:07:55:03 +0000] "GET //test/wp-includes/wlwmanifest.xml HTTP/1.1" 404 2540 "-" "Mozilla/5.0 (Windows NT 10.0; Win64; x64) AppleWebKit/537.36 (KHTML, like Gecko) Chrome/78.0.3904.108 Safari/537.36"
167.172.78.169 - - [15/Dec/2022:07:55:03 +0000] "GET //media/wp-includes/wlwmanifest.xml HTTP/1.1" 404 518 "-" "Mozilla/5.0 (Windows NT 10.0; Win64; x64) AppleWebKit/537.36 (KHTML, like Gecko) Chrome/78.0.3904.108 Safari/537.36"
167.172.78.169 - - [15/Dec/2022:07:55:03 +0000] "GET //wp2/wp-includes/wlwmanifest.xml HTTP/1.1" 404 2537 "-" "Mozilla/5.0 (Windows NT 10.0; Win64; x64) AppleWebKit/537.36 (KHTML, like Gecko) Chrome/78.0.3904.108 Safari/537.36"
167.172.78.169 - - [15/Dec/2022:07:55:03 +0000] "GET //site/wp-includes/wlwmanifest.xml HTTP/1.1" 404 2540 "-" "Mozilla/5.0 (Windows NT 10.0; Win64; x64) AppleWebKit/537.36 (KHTML, like Gecko) Chrome/78.0.3904.108 Safari/537.36"
167.172.78.169 - - [15/Dec/2022:07:55:04 +0000] "GET //cms/wp-includes/wlwmanifest.xml HTTP/1.1" 404 2537 "-" "Mozilla/5.0 (Windows NT 10.0; Win64; x64) AppleWebKit/537.36 (KHTML, like Gecko) Chrome/78.0.3904.108 Safari/537.36"
167.172.78.169 - - [15/Dec/2022:07:55:04 +0000] "GET //sito/wp-includes/wlwmanifest.xml HTTP/1.1" 404 2540 "-" "Mozilla/5.0 (Windows NT 10.0; Win64; x64) AppleWebKit/537.36 (KHTML, like Gecko) Chrome/78.0.3904.108 Safari/537.36"
107.189.5.223 - - [15/Dec/2022:07:55:26 +0000] "GET / HTTP/1.1" 200 3709 "-" "Mozilla/5.0 (X11; Ubuntu; Linux x86_64; rv:76.0) Gecko/20100101 Firefox/76.0"
157.245.204.210 - - [15/Dec/2022:08:08:05 +0000] "GET / HTTP/1.1" 301 559 "-" "Mozilla/5.0 (Windows NT 10.0; Win64; x64) AppleWebKit/537.36 (KHTML, like Gecko) Chrome/78.0.3904.108 Safari/537.36"
157.245.204.210 - - [15/Dec/2022:08:08:06 +0000] "GET / HTTP/1.1" 200 15627 "-" "Mozilla/5.0 (Windows NT 10.0; Win64; x64) AppleWebKit/537.36 (KHTML, like Gecko) Chrome/78.0.3904.108 Safari/537.36"
157.245.204.210 - - [15/Dec/2022:08:08:07 +0000] "GET //wp-includes/wlwmanifest.xml HTTP/1.1" 404 2525 "-" "Mozilla/5.0 (Windows NT 10.0; Win64; x64) AppleWebKit/537.36 (KHTML, like Gecko) Chrome/78.0.3904.108 Safari/537.36"
157.245.204.210 - - [15/Dec/2022:08:08:07 +0000] "GET //xmlrpc.php?rsd HTTP/1.1" 404 2478 "-" "Mozilla/5.0 (Windows NT 10.0; Win64; x64) AppleWebKit/537.36 (KHTML, like Gecko) Chrome/78.0.3904.108 Safari/537.36"
157.245.204.210 - - [15/Dec/2022:08:08:07 +0000] "GET / HTTP/1.1" 200 11095 "-" "Mozilla/5.0 (Windows NT 10.0; Win64; x64) AppleWebKit/537.36 (KHTML, like Gecko) Chrome/78.0.3904.108 Safari/537.36"
157.245.204.210 - - [15/Dec/2022:08:08:08 +0000] "GET //blog/wp-includes/wlwmanifest.xml HTTP/1.1" 404 2540 "-" "Mozilla/5.0 (Windows NT 10.0; Win64; x64) AppleWebKit/537.36 (KHTML, like Gecko) Chrome/78.0.3904.108 Safari/537.36"
157.245.204.210 - - [15/Dec/2022:08:08:08 +0000] "GET //web/wp-includes/wlwmanifest.xml HTTP/1.1" 404 2537 "-" "Mozilla/5.0 (Windows NT 10.0; Win64; x64) AppleWebKit/537.36 (KHTML, like Gecko) Chrome/78.0.3904.108 Safari/537.36"
157.245.204.210 - - [15/Dec/2022:08:08:08 +0000] "GET //wordpress/wp-includes/wlwmanifest.xml HTTP/1.1" 404 2555 "-" "Mozilla/5.0 (Windows NT 10.0; Win64; x64) AppleWebKit/537.36 (KHTML, like Gecko) Chrome/78.0.3904.108 Safari/537.36"
157.245.204.210 - - [15/Dec/2022:08:08:08 +0000] "GET //website/wp-includes/wlwmanifest.xml HTTP/1.1" 404 2549 "-" "Mozilla/5.0 (Windows NT 10.0; Win64; x64) AppleWebKit/537.36 (KHTML, like Gecko) Chrome/78.0.3904.108 Safari/537.36"
157.245.204.210 - - [15/Dec/2022:08:08:09 +0000] "GET //wp/wp-includes/wlwmanifest.xml HTTP/1.1" 404 2534 "-" "Mozilla/5.0 (Windows NT 10.0; Win64; x64) AppleWebKit/537.36 (KHTML, like Gecko) Chrome/78.0.3904.108 Safari/537.36"
157.245.204.210 - - [15/Dec/2022:08:08:09 +0000] "GET //news/wp-includes/wlwmanifest.xml HTTP/1.1" 404 2540 "-" "Mozilla/5.0 (Windows NT 10.0; Win64; x64) AppleWebKit/537.36 (KHTML, like Gecko) Chrome/78.0.3904.108 Safari/537.36"
157.245.204.210 - - [15/Dec/2022:08:08:09 +0000] "GET //2018/wp-includes/wlwmanifest.xml HTTP/1.1" 404 2540 "-" "Mozilla/5.0 (Windows NT 10.0; Win64; x64) AppleWebKit/537.36 (KHTML, like Gecko) Chrome/78.0.3904.108 Safari/537.36"
157.245.204.210 - - [15/Dec/2022:08:08:10 +0000] "GET //2019/wp-includes/wlwmanifest.xml HTTP/1.1" 404 2540 "-" "Mozilla/5.0 (Windows NT 10.0; Win64; x64) AppleWebKit/537.36 (KHTML, like Gecko) Chrome/78.0.3904.108 Safari/537.36"
157.245.204.210 - - [15/Dec/2022:08:08:10 +0000] "GET //shop/wp-includes/wlwmanifest.xml HTTP/1.1" 404 2540 "-" "Mozilla/5.0 (Windows NT 10.0; Win64; x64) AppleWebKit/537.36 (KHTML, like Gecko) Chrome/78.0.3904.108 Safari/537.36"
157.245.204.210 - - [15/Dec/2022:08:08:10 +0000] "GET //wp1/wp-includes/wlwmanifest.xml HTTP/1.1" 404 2537 "-" "Mozilla/5.0 (Windows NT 10.0; Win64; x64) AppleWebKit/537.36 (KHTML, like Gecko) Chrome/78.0.3904.108 Safari/537.36"
157.245.204.210 - - [15/Dec/2022:08:08:11 +0000] "GET //test/wp-includes/wlwmanifest.xml HTTP/1.1" 404 2540 "-" "Mozilla/5.0 (Windows NT 10.0; Win64; x64) AppleWebKit/537.36 (KHTML, like Gecko) Chrome/78.0.3904.108 Safari/537.36"
157.245.204.210 - - [15/Dec/2022:08:08:12 +0000] "GET //media/wp-includes/wlwmanifest.xml HTTP/1.1" 404 518 "-" "Mozilla/5.0 (Windows NT 10.0; Win64; x64) AppleWebKit/537.36 (KHTML, like Gecko) Chrome/78.0.3904.108 Safari/537.36"
157.245.204.210 - - [15/Dec/2022:08:08:12 +0000] "GET //wp2/wp-includes/wlwmanifest.xml HTTP/1.1" 404 2537 "-" "Mozilla/5.0 (Windows NT 10.0; Win64; x64) AppleWebKit/537.36 (KHTML, like Gecko) Chrome/78.0.3904.108 Safari/537.36"
157.245.204.210 - - [15/Dec/2022:08:08:12 +0000] "GET //site/wp-includes/wlwmanifest.xml HTTP/1.1" 404 2540 "-" "Mozilla/5.0 (Windows NT 10.0; Win64; x64) AppleWebKit/537.36 (KHTML, like Gecko) Chrome/78.0.3904.108 Safari/537.36"
157.245.204.210 - - [15/Dec/2022:08:08:12 +0000] "GET //cms/wp-includes/wlwmanifest.xml HTTP/1.1" 404 2537 "-" "Mozilla/5.0 (Windows NT 10.0; Win64; x64) AppleWebKit/537.36 (KHTML, like Gecko) Chrome/78.0.3904.108 Safari/537.36"
157.245.204.210 - - [15/Dec/2022:08:08:12 +0000] "GET //sito/wp-includes/wlwmanifest.xml HTTP/1.1" 404 2540 "-" "Mozilla/5.0 (Windows NT 10.0; Win64; x64) AppleWebKit/537.36 (KHTML, like Gecko) Chrome/78.0.3904.108 Safari/537.36"
34.78.6.216 - - [15/Dec/2022:08:09:18 +0000] "GET / HTTP/1.1" 200 3746 "-" "python-requests/2.28.1"
185.254.196.223 - - [15/Dec/2022:08:12:36 +0000] "GET /.env HTTP/1.1" 404 2430 "-" "Mozilla/5.0 (X11; Linux x86_64) AppleWebKit/537.36 (KHTML, like Gecko) Chrome/81.0.4044.129 Safari/537.36"
185.254.196.223 - - [15/Dec/2022:08:12:36 +0000] "POST / HTTP/1.1" 200 3746 "-" "Mozilla/5.0 (X11; Linux x86_64) AppleWebKit/537.36 (KHTML, like Gecko) Chrome/81.0.4044.129 Safari/537.36"
167.94.146.57 - - [15/Dec/2022:08:14:58 +0000] "GET / HTTP/1.1" 200 15748 "-" "-"
167.94.146.57 - - [15/Dec/2022:08:14:59 +0000] "GET / HTTP/1.1" 200 8456 "-" "Mozilla/5.0 (compatible; CensysInspect/1.1; +https://about.censys.io/)"
167.94.146.57 - - [15/Dec/2022:08:14:59 +0000] "GET /favicon.ico HTTP/1.1" 404 7159 "-" "Mozilla/5.0 (compatible; CensysInspect/1.1; +https://about.censys.io/)"
194.55.186.216 - - [15/Dec/2022:08:16:56 +0000] "POST /boaform/admin/formLogin HTTP/1.1" 404 2491 "http://172.104.12.97:80/admin/login.asp" "Mozilla/5.0 (X11; Ubuntu; Linux x86_64; rv:71.0) Gecko/20100101 Firefox/71.0"
143.110.222.166 - - [15/Dec/2022:08:18:55 +0000] "GET / HTTP/1.1" 200 3690 "-" "Mozilla/5.0 (iPhone; CPU iPhone OS 16_1 like Mac OS X) AppleWebKit/605.1.15 (KHTML, like Gecko) Version/16.1 Mobile/15E148 Safari/604.1"
184.105.247.254 - - [15/Dec/2022:08:20:47 +0000] "GET / HTTP/1.1" 200 8275 "-" "Mozilla/5.0 (X11; Ubuntu; Linux x86_64; rv:104.0) Gecko/20100101 Firefox/104.0"
184.105.247.254 - - [15/Dec/2022:08:31:46 +0000] "GET /favicon.ico HTTP/1.1" 404 6952 "-" "Mozilla/5.0 (Macintosh; Intel Mac OS X 10_15_2) AppleWebKit/537.36 (KHTML, like Gecko) Chrome/79.0.3945.88 Safari/537.36"
184.105.247.254 - - [15/Dec/2022:08:33:38 +0000] "GET / HTTP/1.1" 200 8456 "-" "Mozilla/5.0 (X11; Ubuntu; Linux x86_64; rv:104.0) Gecko/20100101 Firefox/104.0"
103.89.57.189 - - [15/Dec/2022:08:37:45 +0000] "GET / HTTP/1.1" 200 10982 "-" "Mozilla/5.0 (Windows NT 6.1; WOW64) AppleWebKit/537.36 (KHTML, like Gecko) Chrome/51.0.2704.103 Safari/537.36"
18.140.200.255 - - [15/Dec/2022:09:00:44 +0000] "GET / HTTP/1.1" 301 559 "-" "Mozilla/5.0 (Windows NT 10.0; Win64; x64) AppleWebKit/537.36 (KHTML, like Gecko) Chrome/88.0.4240.193 Safari/537.36"
18.140.200.255 - - [15/Dec/2022:09:00:45 +0000] "GET / HTTP/1.1" 200 15627 "-" "Mozilla/5.0 (Windows NT 10.0; Win64; x64) AppleWebKit/537.36 (KHTML, like Gecko) Chrome/88.0.4240.193 Safari/537.36"
18.140.200.255 - - [15/Dec/2022:09:00:46 +0000] "GET //wp-includes/wlwmanifest.xml HTTP/1.1" 404 2525 "-" "Mozilla/5.0 (Windows NT 10.0; Win64; x64) AppleWebKit/537.36 (KHTML, like Gecko) Chrome/88.0.4240.193 Safari/537.36"
18.140.200.255 - - [15/Dec/2022:09:00:46 +0000] "GET //xmlrpc.php?rsd HTTP/1.1" 404 2478 "-" "Mozilla/5.0 (Windows NT 10.0; Win64; x64) AppleWebKit/537.36 (KHTML, like Gecko) Chrome/88.0.4240.193 Safari/537.36"
18.140.200.255 - - [15/Dec/2022:09:00:46 +0000] "GET / HTTP/1.1" 200 11095 "-" "Mozilla/5.0 (Windows NT 10.0; Win64; x64) AppleWebKit/537.36 (KHTML, like Gecko) Chrome/88.0.4240.193 Safari/537.36"
18.140.200.255 - - [15/Dec/2022:09:00:46 +0000] "GET //blog/wp-includes/wlwmanifest.xml HTTP/1.1" 404 2540 "-" "Mozilla/5.0 (Windows NT 10.0; Win64; x64) AppleWebKit/537.36 (KHTML, like Gecko) Chrome/88.0.4240.193 Safari/537.36"
18.140.200.255 - - [15/Dec/2022:09:00:46 +0000] "GET //web/wp-includes/wlwmanifest.xml HTTP/1.1" 404 2537 "-" "Mozilla/5.0 (Windows NT 10.0; Win64; x64) AppleWebKit/537.36 (KHTML, like Gecko) Chrome/88.0.4240.193 Safari/537.36"
18.140.200.255 - - [15/Dec/2022:09:00:47 +0000] "GET //wordpress/wp-includes/wlwmanifest.xml HTTP/1.1" 404 2555 "-" "Mozilla/5.0 (Windows NT 10.0; Win64; x64) AppleWebKit/537.36 (KHTML, like Gecko) Chrome/88.0.4240.193 Safari/537.36"
18.140.200.255 - - [15/Dec/2022:09:00:47 +0000] "GET //website/wp-includes/wlwmanifest.xml HTTP/1.1" 404 2549 "-" "Mozilla/5.0 (Windows NT 10.0; Win64; x64) AppleWebKit/537.36 (KHTML, like Gecko) Chrome/88.0.4240.193 Safari/537.36"
18.140.200.255 - - [15/Dec/2022:09:00:47 +0000] "GET //wp/wp-includes/wlwmanifest.xml HTTP/1.1" 404 2534 "-" "Mozilla/5.0 (Windows NT 10.0; Win64; x64) AppleWebKit/537.36 (KHTML, like Gecko) Chrome/88.0.4240.193 Safari/537.36"
18.140.200.255 - - [15/Dec/2022:09:00:47 +0000] "GET //news/wp-includes/wlwmanifest.xml HTTP/1.1" 404 2540 "-" "Mozilla/5.0 (Windows NT 10.0; Win64; x64) AppleWebKit/537.36 (KHTML, like Gecko) Chrome/88.0.4240.193 Safari/537.36"
18.140.200.255 - - [15/Dec/2022:09:00:48 +0000] "GET //2020/wp-includes/wlwmanifest.xml HTTP/1.1" 404 2540 "-" "Mozilla/5.0 (Windows NT 10.0; Win64; x64) AppleWebKit/537.36 (KHTML, like Gecko) Chrome/88.0.4240.193 Safari/537.36"
18.140.200.255 - - [15/Dec/2022:09:00:48 +0000] "GET //2019/wp-includes/wlwmanifest.xml HTTP/1.1" 404 2540 "-" "Mozilla/5.0 (Windows NT 10.0; Win64; x64) AppleWebKit/537.36 (KHTML, like Gecko) Chrome/88.0.4240.193 Safari/537.36"
18.140.200.255 - - [15/Dec/2022:09:00:48 +0000] "GET //shop/wp-includes/wlwmanifest.xml HTTP/1.1" 404 2540 "-" "Mozilla/5.0 (Windows NT 10.0; Win64; x64) AppleWebKit/537.36 (KHTML, like Gecko) Chrome/88.0.4240.193 Safari/537.36"
18.140.200.255 - - [15/Dec/2022:09:00:48 +0000] "GET //wp1/wp-includes/wlwmanifest.xml HTTP/1.1" 404 2537 "-" "Mozilla/5.0 (Windows NT 10.0; Win64; x64) AppleWebKit/537.36 (KHTML, like Gecko) Chrome/88.0.4240.193 Safari/537.36"
18.140.200.255 - - [15/Dec/2022:09:00:49 +0000] "GET //test/wp-includes/wlwmanifest.xml HTTP/1.1" 404 2540 "-" "Mozilla/5.0 (Windows NT 10.0; Win64; x64) AppleWebKit/537.36 (KHTML, like Gecko) Chrome/88.0.4240.193 Safari/537.36"
18.140.200.255 - - [15/Dec/2022:09:00:49 +0000] "GET //wp2/wp-includes/wlwmanifest.xml HTTP/1.1" 404 2537 "-" "Mozilla/5.0 (Windows NT 10.0; Win64; x64) AppleWebKit/537.36 (KHTML, like Gecko) Chrome/88.0.4240.193 Safari/537.36"
18.140.200.255 - - [15/Dec/2022:09:00:49 +0000] "GET //site/wp-includes/wlwmanifest.xml HTTP/1.1" 404 2540 "-" "Mozilla/5.0 (Windows NT 10.0; Win64; x64) AppleWebKit/537.36 (KHTML, like Gecko) Chrome/88.0.4240.193 Safari/537.36"
18.140.200.255 - - [15/Dec/2022:09:00:49 +0000] "GET //cms/wp-includes/wlwmanifest.xml HTTP/1.1" 404 2537 "-" "Mozilla/5.0 (Windows NT 10.0; Win64; x64) AppleWebKit/537.36 (KHTML, like Gecko) Chrome/88.0.4240.193 Safari/537.36"
18.140.200.255 - - [15/Dec/2022:09:00:50 +0000] "GET //sito/wp-includes/wlwmanifest.xml HTTP/1.1" 404 2540 "-" "Mozilla/5.0 (Windows NT 10.0; Win64; x64) AppleWebKit/537.36 (KHTML, like Gecko) Chrome/88.0.4240.193 Safari/537.36"
185.100.87.136 - - [15/Dec/2022:09:03:03 +0000] "POST /index.htm HTTP/1.1" 404 2390 "-" "Mozilla/5.0 (Windows NT 10.0; WOW64) AppleWebKit/537.36 (KHTML, like Gecko) Chrome/72.0.3626.121 Safari/537.36"
185.100.87.136 - - [15/Dec/2022:09:03:03 +0000] "POST /FD873AC4-CF86-4FED-84EC-4BD59C6F17A7 HTTP/1.1" 404 2527 "-" "Mozilla/4.0 (compatible; MSIE 6.0; Windows NT 5.1)"
94.102.61.10 - - [15/Dec/2022:09:07:59 +0000] "GET / HTTP/1.1" 200 3690 "-" "Mozilla/5.0 (Windows NT 10.0; Win64; x64) AppleWebKit/537.36 (KHTML, like Gecko) Chrome/88.0.4324.190 Safari/537.36"
152.89.196.211 - - [15/Dec/2022:09:11:19 +0000] "-" 408 4722 "-" "-"
143.110.222.166 - - [15/Dec/2022:09:17:43 +0000] "GET / HTTP/1.1" 200 3690 "-" "Mozilla/5.0 (iPhone; CPU iPhone OS 16_1 like Mac OS X) AppleWebKit/605.1.15 (KHTML, like Gecko) Version/16.1 Mobile/15E148 Safari/604.1"
162.55.85.226 - - [15/Dec/2022:09:19:19 +0000] "GET /robots.txt HTTP/1.1" 301 579 "-" "Mozilla/5.0 (compatible; BLEXBot/1.0; +http://webmeup-crawler.com/)"
162.55.85.226 - - [15/Dec/2022:09:19:19 +0000] "GET /robots.txt HTTP/1.1" 404 7210 "-" "Mozilla/5.0 (compatible; BLEXBot/1.0; +http://webmeup-crawler.com/)"
162.55.85.226 - - [15/Dec/2022:09:19:21 +0000] "GET /sitemap HTTP/1.1" 301 573 "-" "Mozilla/5.0 (compatible; BLEXBot/1.0; +http://webmeup-crawler.com/)"
162.55.85.226 - - [15/Dec/2022:09:19:21 +0000] "GET /robots.txt HTTP/1.1" 404 7210 "-" "Mozilla/5.0 (compatible; BLEXBot/1.0; +http://webmeup-crawler.com/)"
162.55.85.226 - - [15/Dec/2022:09:19:23 +0000] "GET /sitemap HTTP/1.1" 404 7201 "-" "Mozilla/5.0 (compatible; BLEXBot/1.0; +http://webmeup-crawler.com/)"
162.55.85.226 - - [15/Dec/2022:09:19:26 +0000] "GET /sitemap HTTP/1.1" 404 7201 "-" "Mozilla/5.0 (compatible; BLEXBot/1.0; +http://webmeup-crawler.com/)"
162.55.85.226 - - [15/Dec/2022:09:19:28 +0000] "GET /sitemap.txt HTTP/1.1" 301 581 "-" "Mozilla/5.0 (compatible; BLEXBot/1.0; +http://webmeup-crawler.com/)"
162.55.85.226 - - [15/Dec/2022:09:19:28 +0000] "GET /sitemap.txt HTTP/1.1" 404 7213 "-" "Mozilla/5.0 (compatible; BLEXBot/1.0; +http://webmeup-crawler.com/)"
162.55.85.226 - - [15/Dec/2022:09:19:30 +0000] "GET /sitemap.txt HTTP/1.1" 404 7213 "-" "Mozilla/5.0 (compatible; BLEXBot/1.0; +http://webmeup-crawler.com/)"
152.89.196.211 - - [15/Dec/2022:09:22:38 +0000] "GET / HTTP/1.1" 200 8475 "-" "Mozilla/5.0 (Windows NT 10.0; Win64; x64) AppleWebKit/537.36 (KHTML, like Gecko) Chrome/78.0.3904.108 Safari/537.36"
45.9.110.186 - - [15/Dec/2022:09:54:19 +0000] "GET / HTTP/1.1" 200 15623 "-" "Mozilla/5.0 (Macintosh; Intel Mac OS X 10.11; rv:47.0) Gecko/20100101 Firefox/47.0"
45.9.110.186 - - [15/Dec/2022:09:54:19 +0000] "GET / HTTP/1.1" 200 8294 "-" "Mozilla/5.0 (Windows NT 6.1; WOW64) AppleWebKit/537.36 (KHTML, like Gecko) Chrome/63.0.3239.132 Safari/537.36 QIHU 360SE"
45.9.110.186 - - [15/Dec/2022:09:54:20 +0000] "GET /favicon.ico HTTP/1.1" 404 6975 "-" "Mozilla/5.0 (Windows NT 6.1; WOW64) AppleWebKit/537.36 (KHTML, like Gecko) Chrome/63.0.3239.132 Safari/537.36 QIHU 360SE"
45.9.110.186 - - [15/Dec/2022:09:54:21 +0000] "GET /robots.txt HTTP/1.1" 404 6972 "-" "Mozilla/5.0 (Windows NT 6.1; WOW64) AppleWebKit/537.36 (KHTML, like Gecko) Chrome/63.0.3239.132 Safari/537.36 QIHU 360SE"
139.59.57.64 - - [15/Dec/2022:10:14:25 +0000] "GET /wp-commentin.php HTTP/1.1" 301 535 "-" "Mozilla/5.0 (iPhone; CPU iPhone OS 14_6 like Mac OS X) AppleWebKit/605.1.15 (KHTML, like Gecko) Version/14.1.1 Mobile/15E148 Safari/604.1"
139.59.57.64 - - [15/Dec/2022:10:14:26 +0000] "GET /wp-commentin.php HTTP/1.1" 404 7187 "-" "Mozilla/5.0 (iPhone; CPU iPhone OS 14_6 like Mac OS X) AppleWebKit/605.1.15 (KHTML, like Gecko) Version/14.1.1 Mobile/15E148 Safari/604.1"
159.242.234.115 - - [15/Dec/2022:10:14:35 +0000] "GET / HTTP/1.1" 301 559 "-" "Mozilla/5.0 (Windows NT 10.0; Win64; x64) AppleWebKit/537.36 (KHTML, like Gecko) Chrome/88.0.4240.193 Safari/537.36"
143.110.222.166 - - [15/Dec/2022:10:18:33 +0000] "GET / HTTP/1.1" 200 3690 "-" "Mozilla/5.0 (iPhone; CPU iPhone OS 16_1 like Mac OS X) AppleWebKit/605.1.15 (KHTML, like Gecko) Version/16.1 Mobile/15E148 Safari/604.1"
185.180.143.137 - - [15/Dec/2022:10:26:32 +0000] "GET / HTTP/1.1" 200 8275 "-" "Mozilla/5.0 (Windows NT 10.0; Win64; x64) AppleWebKit/537.36 (KHTML, like Gecko) Chrome/60.0.3112.113 Safari/537.36"
170.64.129.245 - - [15/Dec/2022:10:33:43 +0000] "\x16\x03\x01" 400 484 "-" "-"
170.64.129.245 - - [15/Dec/2022:10:33:44 +0000] "\x16\x03\x01" 400 484 "-" "-"
170.64.129.245 - - [15/Dec/2022:10:33:44 +0000] "GET / HTTP/1.1" 200 3690 "-" "Mozilla/5.0 (Windows NT 10.0; Win64; x64) AppleWebKit/537.36 (KHTML, like Gecko) Chrome/108.0.0.0 Safari/537.36"
45.82.121.61 - - [15/Dec/2022:10:41:48 +0000] "CONNECT www.google.com:443 HTTP/1.1" 400 60607 "-" "Go-http-client/1.1"
152.89.196.211 - - [15/Dec/2022:10:55:18 +0000] "POST /cgi-bin/.%2e/.%2e/.%2e/.%2e/bin/sh HTTP/1.1" 400 5232 "-" "Mozilla/5.0 (Windows NT 10.0; Win64; x64) AppleWebKit/537.36 (KHTML, like Gecko) Chrome/78.0.3904.108 Safari/537.36"
85.209.135.21 - - [15/Dec/2022:11:04:05 +0000] "GET / HTTP/1.1" 200 10982 "-" "-"
185.254.196.223 - - [15/Dec/2022:11:11:53 +0000] "GET /.env HTTP/1.1" 404 2430 "-" "Mozilla/5.0 (X11; Linux x86_64) AppleWebKit/537.36 (KHTML, like Gecko) Chrome/81.0.4044.129 Safari/537.36"
185.254.196.223 - - [15/Dec/2022:11:11:53 +0000] "POST / HTTP/1.1" 200 3746 "-" "Mozilla/5.0 (X11; Linux x86_64) AppleWebKit/537.36 (KHTML, like Gecko) Chrome/81.0.4044.129 Safari/537.36"
188.166.87.67 - - [15/Dec/2022:11:17:07 +0000] "GET / HTTP/1.1" 200 3690 "-" "Mozilla/5.0 (Windows NT 10.0; Win64; x64) AppleWebKit/537.36 (KHTML, like Gecko) Chrome/102.0.5005.63 Safari/537.36"
143.110.222.166 - - [15/Dec/2022:11:17:29 +0000] "GET / HTTP/1.1" 200 3690 "-" "Mozilla/5.0 (iPhone; CPU iPhone OS 16_1 like Mac OS X) AppleWebKit/605.1.15 (KHTML, like Gecko) Version/16.1 Mobile/15E148 Safari/604.1"
185.180.143.137 - - [15/Dec/2022:11:35:05 +0000] "GET / HTTP/1.1" 200 3690 "-" "Mozilla/5.0 (Windows NT 10.0; Win64; x64) AppleWebKit/537.36 (KHTML, like Gecko) Chrome/60.0.3112.113 Safari/537.36"
152.89.196.211 - - [15/Dec/2022:11:39:37 +0000] "GET / HTTP/1.1" 200 8475 "-" "Mozilla/5.0 (Windows NT 10.0; Win64; x64) AppleWebKit/537.36 (KHTML, like Gecko) Chrome/78.0.3904.108 Safari/537.36"
44.204.115.49 - - [15/Dec/2022:11:54:08 +0000] "GET / HTTP/1.1" 301 503 "-" "Mozilla/5.0 (Macintosh; Intel Mac OS X 10_15_5) AppleWebKit/537.36 (KHTML, like Gecko) Chrome/95.0.4638.54 Safari/537.36"
44.204.115.49 - - [15/Dec/2022:11:54:08 +0000] "GET / HTTP/1.1" 200 8476 "-" "Mozilla/5.0 (Macintosh; Intel Mac OS X 10_15_5) AppleWebKit/537.36 (KHTML, like Gecko) Chrome/95.0.4638.54 Safari/537.36"
193.47.61.121 - - [15/Dec/2022:12:17:19 +0000] "GET / HTTP/1.1" 200 3709 "http://172.104.12.97:80/left.html" "Mozilla/5.0 (X11; Ubuntu; Linux x86_64; rv:77.0) Gecko/20100101 Firefox/77.0"
143.110.222.166 - - [15/Dec/2022:12:19:48 +0000] "GET / HTTP/1.1" 200 3690 "-" "Mozilla/5.0 (iPhone; CPU iPhone OS 16_1 like Mac OS X) AppleWebKit/605.1.15 (KHTML, like Gecko) Version/16.1 Mobile/15E148 Safari/604.1"
206.189.80.208 - - [15/Dec/2022:12:30:34 +0000] "GET / HTTP/1.1" 301 559 "-" "Mozilla/5.0 (Windows NT 10.0; Win64; x64) AppleWebKit/537.36 (KHTML, like Gecko) Chrome/78.0.3904.108 Safari/537.36"
