206.189.80.208 - - [15/Dec/2022:12:30:35 +0000] "GET / HTTP/1.1" 200 15627 "-" "Mozilla/5.0 (Windows NT 10.0; Win64; x64) AppleWebKit/537.36 (KHTML, like Gecko) Chrome/78.0.3904.108 Safari/537.36"
206.189.80.208 - - [15/Dec/2022:12:30:35 +0000] "GET //wp-includes/wlwmanifest.xml HTTP/1.1" 404 2525 "-" "Mozilla/5.0 (Windows NT 10.0; Win64; x64) AppleWebKit/537.36 (KHTML, like Gecko) Chrome/78.0.3904.108 Safari/537.36"
206.189.80.208 - - [15/Dec/2022:12:30:35 +0000] "GET //xmlrpc.php?rsd HTTP/1.1" 404 2478 "-" "Mozilla/5.0 (Windows NT 10.0; Win64; x64) AppleWebKit/537.36 (KHTML, like Gecko) Chrome/78.0.3904.108 Safari/537.36"
206.189.80.208 - - [15/Dec/2022:12:30:35 +0000] "GET / HTTP/1.1" 200 11095 "-" "Mozilla/5.0 (Windows NT 10.0; Win64; x64) AppleWebKit/537.36 (KHTML, like Gecko) Chrome/78.0.3904.108 Safari/537.36"
206.189.80.208 - - [15/Dec/2022:12:30:36 +0000] "GET //blog/wp-includes/wlwmanifest.xml HTTP/1.1" 404 2540 "-" "Mozilla/5.0 (Windows NT 10.0; Win64; x64) AppleWebKit/537.36 (KHTML, like Gecko) Chrome/78.0.3904.108 Safari/537.36"
206.189.80.208 - - [15/Dec/2022:12:30:36 +0000] "GET //web/wp-includes/wlwmanifest.xml HTTP/1.1" 404 2537 "-" "Mozilla/5.0 (Windows NT 10.0; Win64; x64) AppleWebKit/537.36 (KHTML, like Gecko) Chrome/78.0.3904.108 Safari/537.36"
206.189.80.208 - - [15/Dec/2022:12:30:36 +0000] "GET //wordpress/wp-includes/wlwmanifest.xml HTTP/1.1" 404 2555 "-" "Mozilla/5.0 (Windows NT 10.0; Win64; x64) AppleWebKit/537.36 (KHTML, like Gecko) Chrome/78.0.3904.108 Safari/537.36"
206.189.80.208 - - [15/Dec/2022:12:30:36 +0000] "GET //website/wp-includes/wlwmanifest.xml HTTP/1.1" 404 2549 "-" "Mozilla/5.0 (Windows NT 10.0; Win64; x64) AppleWebKit/537.36 (KHTML, like Gecko) Chrome/78.0.3904.108 Safari/537.36"
206.189.80.208 - - [15/Dec/2022:12:30:36 +0000] "GET //wp/wp-includes/wlwmanifest.xml HTTP/1.1" 404 2534 "-" "Mozilla/5.0 (Windows NT 10.0; Win64; x64) AppleWebKit/537.36 (KHTML, like Gecko) Chrome/78.0.3904.108 Safari/537.36"
206.189.80.208 - - [15/Dec/2022:12:30:37 +0000] "GET //news/wp-includes/wlwmanifest.xml HTTP/1.1" 404 2540 "-" "Mozilla/5.0 (Windows NT 10.0; Win64; x64) AppleWebKit/537.36 (KHTML, like Gecko) Chrome/78.0.3904.108 Safari/537.36"
206.189.80.208 - - [15/Dec/2022:12:30:37 +0000] "GET //2018/wp-includes/wlwmanifest.xml HTTP/1.1" 404 2540 "-" "Mozilla/5.0 (Windows NT 10.0; Win64; x64) AppleWebKit/537.36 (KHTML, like Gecko) Chrome/78.0.3904.108 Safari/537.36"
206.189.80.208 - - [15/Dec/2022:12:30:37 +0000] "GET //2019/wp-includes/wlwmanifest.xml HTTP/1.1" 404 2540 "-" "Mozilla/5.0 (Windows NT 10.0; Win64; x64) AppleWebKit/537.36 (KHTML, like Gecko) Chrome/78.0.3904.108 Safari/537.36"
206.189.80.208 - - [15/Dec/2022:12:30:37 +0000] "GET //shop/wp-includes/wlwmanifest.xml HTTP/1.1" 404 2540 "-" "Mozilla/5.0 (Windows NT 10.0; Win64; x64) AppleWebKit/537.36 (KHTML, like Gecko) Chrome/78.0.3904.108 Safari/537.36"
206.189.80.208 - - [15/Dec/2022:12:30:38 +0000] "GET //wp1/wp-includes/wlwmanifest.xml HTTP/1.1" 404 2537 "-" "Mozilla/5.0 (Windows NT 10.0; Win64; x64) AppleWebKit/537.36 (KHTML, like Gecko) Chrome/78.0.3904.108 Safari/537.36"
206.189.80.208 - - [15/Dec/2022:12:30:38 +0000] "GET //test/wp-includes/wlwmanifest.xml HTTP/1.1" 404 2540 "-" "Mozilla/5.0 (Windows NT 10.0; Win64; x64) AppleWebKit/537.36 (KHTML, like Gecko) Chrome/78.0.3904.108 Safari/537.36"
206.189.80.208 - - [15/Dec/2022:12:30:38 +0000] "GET //media/wp-includes/wlwmanifest.xml HTTP/1.1" 404 518 "-" "Mozilla/5.0 (Windows NT 10.0; Win64; x64) AppleWebKit/537.36 (KHTML, like Gecko) Chrome/78.0.3904.108 Safari/537.36"
206.189.80.208 - - [15/Dec/2022:12:30:38 +0000] "GET //wp2/wp-includes/wlwmanifest.xml HTTP/1.1" 404 2537 "-" "Mozilla/5.0 (Windows NT 10.0; Win64; x64) AppleWebKit/537.36 (KHTML, like Gecko) Chrome/78.0.3904.108 Safari/537.36"
206.189.80.208 - - [15/Dec/2022:12:30:39 +0000] "GET //site/wp-includes/wlwmanifest.xml HTTP/1.1" 404 2540 "-" "Mozilla/5.0 (Windows NT 10.0; Win64; x64) AppleWebKit/537.36 (KHTML, like Gecko) Chrome/78.0.3904.108 Safari/537.36"
206.189.80.208 - - [15/Dec/2022:12:30:39 +0000] "GET //cms/wp-includes/wlwmanifest.xml HTTP/1.1" 404 2537 "-" "Mozilla/5.0 (Windows NT 10.0; Win64; x64) AppleWebKit/537.36 (KHTML, like Gecko) Chrome/78.0.3904.108 Safari/537.36"
206.189.80.208 - - [15/Dec/2022:12:30:39 +0000] "GET //sito/wp-includes/wlwmanifest.xml HTTP/1.1" 404 2540 "-" "Mozilla/5.0 (Windows NT 10.0; Win64; x64) AppleWebKit/537.36 (KHTML, like Gecko) Chrome/78.0.3904.108 Safari/537.36"
90.151.171.106 - - [15/Dec/2022:12:57:03 +0000] "CONNECT checkip.amazonaws.com:443 HTTP/1.1" 400 61075 "-" "Mozilla/5.0 (Windows NT 6.1; rv:16.0) Gecko/20100101 Firefox/16.0 (+https://best-proxies.ru/faq/#from)"
90.151.171.106 - - [15/Dec/2022:12:57:13 +0000] "GET http://checkip.amazonaws.com?Z75600052982Q1 HTTP/1.1" 400 62259 "https://google.com/" "Mozilla/5.0 (Windows NT 6.1; rv:16.0) Gecko/20100101 Firefox/16.0 (+https://best-proxies.ru/faq/#from)"
118.27.99.91 - - [15/Dec/2022:13:00:47 +0000] "GET /wp-admin/style.php?sig=rename HTTP/1.1" 301 561 "-" "Mozilla/5.0 (iPhone; CPU iPhone OS 14_6 like Mac OS X) AppleWebKit/605.1.15 (KHTML, like Gecko) CriOS/91.0.4472.80 Mobile/15E148 Safari/604.1"
118.27.99.91 - - [15/Dec/2022:13:00:47 +0000] "GET /style.php?sig=rename HTTP/1.1" 301 543 "-" "Mozilla/5.0 (Linux; Android 7.1.2; Redmi 4X) AppleWebKit/537.36 (KHTML, like Gecko) Chrome/85.0.4183.120 Mobile Safari/537.36"
118.27.99.91 - - [15/Dec/2022:13:00:47 +0000] "GET /style.php?sig=rename HTTP/1.1" 404 7177 "-" "Mozilla/5.0 (Linux; Android 7.1.2; Redmi 4X) AppleWebKit/537.36 (KHTML, like Gecko) Chrome/85.0.4183.120 Mobile Safari/537.36"
118.27.99.91 - - [15/Dec/2022:13:00:47 +0000] "GET /wp-admin/style.php?sig=rename HTTP/1.1" 404 7204 "-" "Mozilla/5.0 (iPhone; CPU iPhone OS 14_6 like Mac OS X) AppleWebKit/605.1.15 (KHTML, like Gecko) CriOS/91.0.4472.80 Mobile/15E148 Safari/604.1"
152.89.196.211 - - [15/Dec/2022:13:08:18 +0000] "GET /actuator/gateway/routes HTTP/1.1" 404 7199 "-" "Mozilla/5.0 (Windows NT 10.0; Win64; x64) AppleWebKit/537.36 (KHTML, like Gecko) Chrome/78.0.3904.108 Safari/537.36"
143.110.222.166 - - [15/Dec/2022:13:24:15 +0000] "GET / HTTP/1.1" 200 3690 "-" "Mozilla/5.0 (iPhone; CPU iPhone OS 16_1 like Mac OS X) AppleWebKit/605.1.15 (KHTML, like Gecko) Version/16.1 Mobile/15E148 Safari/604.1"
15.235.118.56 - - [15/Dec/2022:13:29:04 +0000] "GET /.env HTTP/1.1" 404 2393 "-" "axios/1.2.1"
15.235.118.56 - - [15/Dec/2022:13:29:04 +0000] "GET /.env HTTP/1.1" 404 2393 "-" "axios/1.2.1"
206.189.44.105 - - [15/Dec/2022:13:50:02 +0000] "GET / HTTP/1.1" 301 559 "-" "Mozilla/5.0 (Windows NT 10.0; Win64; x64) AppleWebKit/537.36 (KHTML, like Gecko) Chrome/76.0.3809.132 Safari/537.36"
185.254.196.223 - - [15/Dec/2022:14:11:46 +0000] "GET /.env HTTP/1.1" 404 2430 "-" "Mozilla/5.0 (X11; Linux x86_64) AppleWebKit/537.36 (KHTML, like Gecko) Chrome/81.0.4044.129 Safari/537.36"
185.254.196.223 - - [15/Dec/2022:14:11:46 +0000] "POST / HTTP/1.1" 200 3746 "-" "Mozilla/5.0 (X11; Linux x86_64) AppleWebKit/537.36 (KHTML, like Gecko) Chrome/81.0.4044.129 Safari/537.36"
45.227.254.54 - - [15/Dec/2022:14:12:22 +0000] "\x03" 400 484 "-" "-"
20.247.120.144 - - [15/Dec/2022:14:13:57 +0000] "GET /.env HTTP/1.1" 404 2430 "-" "Mozilla/5.0 (Linux; U; Android 4.4.2; en-US; HM NOTE 1W Build/KOT49H) AppleWebKit/534.30 (KHTML, like Gecko) Version/4.0 UCBrowser/11.0.5.850 U3/0.8.0 Mobile Safari/534.30"
20.247.120.144 - - [15/Dec/2022:14:13:57 +0000] "POST / HTTP/1.1" 200 3746 "-" "Mozilla/5.0 (Linux; U; Android 4.4.2; en-US; HM NOTE 1W Build/KOT49H) AppleWebKit/534.30 (KHTML, like Gecko) Version/4.0 UCBrowser/11.0.5.850 U3/0.8.0 Mobile Safari/534.30"
20.247.120.144 - - [15/Dec/2022:14:13:58 +0000] "GET /.env HTTP/1.1" 404 6958 "-" "Mozilla/5.0 (Linux; U; Android 4.4.2; en-US; HM NOTE 1W Build/KOT49H) AppleWebKit/534.30 (KHTML, like Gecko) Version/4.0 UCBrowser/11.0.5.850 U3/0.8.0 Mobile Safari/534.30"
20.247.120.144 - - [15/Dec/2022:14:14:00 +0000] "POST / HTTP/1.1" 200 8302 "-" "Mozilla/5.0 (Linux; U; Android 4.4.2; en-US; HM NOTE 1W Build/KOT49H) AppleWebKit/534.30 (KHTML, like Gecko) Version/4.0 UCBrowser/11.0.5.850 U3/0.8.0 Mobile Safari/534.30"
20.247.120.144 - - [15/Dec/2022:14:14:45 +0000] "GET /vendor/phpunit/phpunit/src/Util/PHP/eval-stdin.php HTTP/1.1" 404 2568 "-" "python-requests/2.24.0"
95.164.157.190 - - [15/Dec/2022:14:21:00 +0000] "GET / HTTP/1.1" 200 8532 "-" "Apache-HttpClient/5.1.3 (Java/11.0.17)"
107.152.162.136 - - [15/Dec/2022:14:21:01 +0000] "HEAD http://10give.com:80/ HTTP/1.1" 301 198 "-" "Mozilla/5.0 (Macintosh; Intel Mac OS X 10_15_7) AppleWebKit/537.36 (KHTML, like Gecko) Chrome/107.0.0.0 Safari/537.36"
95.164.156.20 - - [15/Dec/2022:14:21:01 +0000] "GET http://10give.com:80/ HTTP/1.1" 301 522 "-" "Mozilla/5.0 (Macintosh; Intel Mac OS X 10_15_7) AppleWebKit/537.36 (KHTML, like Gecko) Chrome/107.0.0.0 Safari/537.36"
191.102.174.56 - - [15/Dec/2022:14:21:01 +0000] "GET / HTTP/1.1" 200 8532 "-" "Mozilla/5.0 (Macintosh; Intel Mac OS X 10_15_7) AppleWebKit/537.36 (KHTML, like Gecko) Chrome/107.0.0.0 Safari/537.36"
191.102.174.56 - - [15/Dec/2022:14:21:01 +0000] "GET /favicon.ico HTTP/1.1" 404 2470 "-" "Mozilla/5.0 (Macintosh; Intel Mac OS X 10_15_7) AppleWebKit/537.36 (KHTML, like Gecko) Chrome/107.0.0.0 Safari/537.36"
3.89.115.27 - - [15/Dec/2022:14:21:02 +0000] "GET /favicon.ico HTTP/1.1" 404 7213 "-" "Mozilla/5.0 (Macintosh; Intel Mac OS X 10_15_7) AppleWebKit/537.36 (KHTML, like Gecko) Chrome/107.0.0.0 Safari/537.36"
34.207.194.89 - - [15/Dec/2022:14:21:02 +0000] "GET /favicon.ico HTTP/1.1" 404 7213 "-" "Mozilla/5.0 (Macintosh; Intel Mac OS X 10_15_7) AppleWebKit/537.36 (KHTML, like Gecko) Chrome/107.0.0.0 Safari/537.36"
191.102.174.56 - - [15/Dec/2022:14:21:02 +0000] "GET /favicon.png HTTP/1.1" 404 2470 "-" "Mozilla/5.0 (Macintosh; Intel Mac OS X 10_15_7) AppleWebKit/537.36 (KHTML, like Gecko) Chrome/107.0.0.0 Safari/537.36"
3.89.115.27 - - [15/Dec/2022:14:21:02 +0000] "GET /favicon.png HTTP/1.1" 404 2470 "-" "Mozilla/5.0 (Macintosh; Intel Mac OS X 10_15_7) AppleWebKit/537.36 (KHTML, like Gecko) Chrome/107.0.0.0 Safari/537.36"
34.207.194.89 - - [15/Dec/2022:14:21:02 +0000] "GET /favicon.png HTTP/1.1" 404 2470 "-" "Mozilla/5.0 (Macintosh; Intel Mac OS X 10_15_7) AppleWebKit/537.36 (KHTML, like Gecko) Chrome/107.0.0.0 Safari/537.36"
143.110.222.166 - - [15/Dec/2022:14:26:14 +0000] "GET / HTTP/1.1" 200 3690 "-" "Mozilla/5.0 (iPhone; CPU iPhone OS 16_1 like Mac OS X) AppleWebKit/605.1.15 (KHTML, like Gecko) Version/16.1 Mobile/15E148 Safari/604.1"
193.35.18.223 - - [15/Dec/2022:14:45:29 +0000] "CONNECT google.com:443 HTTP/1.1" 400 60536 "-" "Go-http-client/1.1"
172.105.128.11 - - [15/Dec/2022:14:49:10 +0000] "\x16\x03\x01" 400 484 "-" "-"
143.110.222.166 - - [15/Dec/2022:15:25:18 +0000] "GET / HTTP/1.1" 200 3690 "-" "Mozilla/5.0 (iPhone; CPU iPhone OS 16_1 like Mac OS X) AppleWebKit/605.1.15 (KHTML, like Gecko) Version/16.1 Mobile/15E148 Safari/604.1"
23.251.102.74 - - [15/Dec/2022:15:44:41 +0000] "GET / HTTP/1.1" 200 3690 "-" "Mozilla/5.0 (Windows NT 10.0; Win64; x64) AppleWebKit/537.36 (KHTML, like Gecko) Chrome/60.0.3112.113 Safari/537.36"
47.242.105.176 - - [15/Dec/2022:16:04:18 +0000] "GET / HTTP/1.1" 400 65833 "-" "Mozilla/5.0 (Macintosh; Intel Mac OS X 10.6; rv:25.0) Gecko/20100101 Firefox/25.0"
47.242.105.176 - - [15/Dec/2022:16:04:18 +0000] "GET / HTTP/1.1" 200 8460 "-" "Opera/9.80 (Windows NT 6.1; U; cs) Presto/2.7.62 Version/11.01"
51.77.78.44 - - [15/Dec/2022:16:15:58 +0000] "GET / HTTP/1.1" 200 11038 "-" "Mozilla/5.0 (Windows NT 10.0; Win64; x64) AppleWebKit/537.36 (KHTML, like Gecko) Chrome/79.0 Safari/537.36"
51.77.78.44 - - [15/Dec/2022:16:15:59 +0000] "GET / HTTP/1.1" 200 11037 "-" "Mozilla/5.0 (Windows NT 10.0; Win64; x64) AppleWebKit/537.36 (KHTML, like Gecko) Chrome/79.0 Safari/537.36"
51.77.78.44 - - [15/Dec/2022:16:15:59 +0000] "GET /wp-includes/wlwmanifest.xml HTTP/1.1" 404 2498 "-" "Mozilla/5.0 (Windows NT 10.0; Win64; x64) AppleWebKit/537.36 (KHTML, like Gecko) Chrome/79.0 Safari/537.36"
51.77.78.44 - - [15/Dec/2022:16:15:59 +0000] "GET /xmlrpc.php?rsd HTTP/1.1" 404 2451 "-" "Mozilla/5.0 (Windows NT 10.0; Win64; x64) AppleWebKit/537.36 (KHTML, like Gecko) Chrome/79.0 Safari/537.36"
51.77.78.44 - - [15/Dec/2022:16:15:59 +0000] "GET / HTTP/1.1" 200 11037 "-" "Mozilla/5.0 (Windows NT 10.0; Win64; x64) AppleWebKit/537.36 (KHTML, like Gecko) Chrome/79.0 Safari/537.36"
51.77.78.44 - - [15/Dec/2022:16:15:59 +0000] "GET /blog/wp-includes/wlwmanifest.xml HTTP/1.1" 404 2513 "-" "Mozilla/5.0 (Windows NT 10.0; Win64; x64) AppleWebKit/537.36 (KHTML, like Gecko) Chrome/79.0 Safari/537.36"
51.77.78.44 - - [15/Dec/2022:16:15:59 +0000] "GET /web/wp-includes/wlwmanifest.xml HTTP/1.1" 404 2510 "-" "Mozilla/5.0 (Windows NT 10.0; Win64; x64) AppleWebKit/537.36 (KHTML, like Gecko) Chrome/79.0 Safari/537.36"
51.77.78.44 - - [15/Dec/2022:16:15:59 +0000] "GET /wordpress/wp-includes/wlwmanifest.xml HTTP/1.1" 404 2528 "-" "Mozilla/5.0 (Windows NT 10.0; Win64; x64) AppleWebKit/537.36 (KHTML, like Gecko) Chrome/79.0 Safari/537.36"
51.77.78.44 - - [15/Dec/2022:16:15:59 +0000] "GET /website/wp-includes/wlwmanifest.xml HTTP/1.1" 404 2522 "-" "Mozilla/5.0 (Windows NT 10.0; Win64; x64) AppleWebKit/537.36 (KHTML, like Gecko) Chrome/79.0 Safari/537.36"
51.77.78.44 - - [15/Dec/2022:16:15:59 +0000] "GET /wp/wp-includes/wlwmanifest.xml HTTP/1.1" 404 2507 "-" "Mozilla/5.0 (Windows NT 10.0; Win64; x64) AppleWebKit/537.36 (KHTML, like Gecko) Chrome/79.0 Safari/537.36"
51.77.78.44 - - [15/Dec/2022:16:15:59 +0000] "GET /news/wp-includes/wlwmanifest.xml HTTP/1.1" 404 2513 "-" "Mozilla/5.0 (Windows NT 10.0; Win64; x64) AppleWebKit/537.36 (KHTML, like Gecko) Chrome/79.0 Safari/537.36"
51.77.78.44 - - [15/Dec/2022:16:16:00 +0000] "GET /wp1/wp-includes/wlwmanifest.xml HTTP/1.1" 404 2510 "-" "Mozilla/5.0 (Windows NT 10.0; Win64; x64) AppleWebKit/537.36 (KHTML, like Gecko) Chrome/79.0 Safari/537.36"
51.77.78.44 - - [15/Dec/2022:16:16:00 +0000] "GET /test/wp-includes/wlwmanifest.xml HTTP/1.1" 404 2513 "-" "Mozilla/5.0 (Windows NT 10.0; Win64; x64) AppleWebKit/537.36 (KHTML, like Gecko) Chrome/79.0 Safari/537.36"
51.77.78.44 - - [15/Dec/2022:16:16:00 +0000] "GET /wp2/wp-includes/wlwmanifest.xml HTTP/1.1" 404 2510 "-" "Mozilla/5.0 (Windows NT 10.0; Win64; x64) AppleWebKit/537.36 (KHTML, like Gecko) Chrome/79.0 Safari/537.36"
51.77.78.44 - - [15/Dec/2022:16:16:00 +0000] "GET /site/wp-includes/wlwmanifest.xml HTTP/1.1" 404 2513 "-" "Mozilla/5.0 (Windows NT 10.0; Win64; x64) AppleWebKit/537.36 (KHTML, like Gecko) Chrome/79.0 Safari/537.36"
51.77.78.44 - - [15/Dec/2022:16:16:00 +0000] "GET /cms/wp-includes/wlwmanifest.xml HTTP/1.1" 404 2510 "-" "Mozilla/5.0 (Windows NT 10.0; Win64; x64) AppleWebKit/537.36 (KHTML, like Gecko) Chrome/79.0 Safari/537.36"
51.77.78.44 - - [15/Dec/2022:16:16:00 +0000] "GET /sito/wp-includes/wlwmanifest.xml HTTP/1.1" 404 2513 "-" "Mozilla/5.0 (Windows NT 10.0; Win64; x64) AppleWebKit/537.36 (KHTML, like Gecko) Chrome/79.0 Safari/537.36"
31.220.1.83 - - [15/Dec/2022:16:20:01 +0000] "GET / HTTP/1.1" 200 3690 "-" "Mozilla/5.0 (compatible; CensysInspect/1.1; +https://about.censys.io/)"
205.185.114.222 - - [15/Dec/2022:16:20:13 +0000] "POST /boaform/admin/formLogin HTTP/1.1" 404 2491 "http://172.104.12.97:80/admin/login.asp" "Mozilla/5.0 (X11; Ubuntu; Linux x86_64; rv:71.0) Gecko/20100101 Firefox/71.0"
143.110.222.166 - - [15/Dec/2022:16:21:37 +0000] "GET / HTTP/1.1" 200 3690 "-" "Mozilla/5.0 (iPhone; CPU iPhone OS 16_1 like Mac OS X) AppleWebKit/605.1.15 (KHTML, like Gecko) Version/16.1 Mobile/15E148 Safari/604.1"
198.199.95.35 - - [15/Dec/2022:16:38:41 +0000] "GET /autodiscover/autodiscover.json?@zdi/Powershell HTTP/1.1" 404 7025 "-" "Mozilla/5.0 zgrab/0.x"
80.94.92.57 - - [15/Dec/2022:16:39:23 +0000] "GET / HTTP/1.1" 200 3746 "-" "Mozilla/5.0 (Windows NT 10.0; Win64; x64) AppleWebKit/537.36 (KHTML, like Gecko) Chrome/90.0.4430.85 Safari/537.36 Edg/90.0.818.46"
159.65.240.119 - - [15/Dec/2022:17:02:15 +0000] "GET / HTTP/1.0" 301 522 "-" "-"
157.230.245.226 - - [15/Dec/2022:17:02:23 +0000] "GET / HTTP/1.0" 301 522 "-" "-"
157.230.245.226 - - [15/Dec/2022:17:02:26 +0000] "Gh0st\xad" 400 484 "-" "-"
157.230.245.226 - - [15/Dec/2022:17:02:30 +0000] "HELP" 400 484 "-" "-"
157.230.245.226 - - [15/Dec/2022:17:02:30 +0000] "\x1b\x84\xd5\xb0]\xf4\xc4\x93\xc50\xc2X\x8c\xda\xb1\xd7\xac\xafn\x1d\xe1\x1e\x1a3*\x85\xb7\x1d'\xb1\xc9k\xbf\xf0\xbc\n" 400 484 "-" "-"
157.230.245.226 - - [15/Dec/2022:17:02:32 +0000] "\x16\x03\x01" 400 484 "-" "-"
157.230.245.226 - - [15/Dec/2022:17:02:34 +0000] "\xbd\xff\x9e\xffE\xff\x9e\xff\xbd\xff\x9e\xff\xa4\xff\x86\xff\xc4\xff\xbe\xff\xc7\xff\xdb\xff\xee\xffx\\d9\xff\xed\xff\xa4\xff\x9d\xff\xcf\xff\xd8\xff\xe5\xff\x04\xff\x12\xff0\xff\xb1\xff\xbd\xff\xe7\xff\xe2\xff\xdd\xff\xdc\xff\xde\xff\xc8\xff\xcc\xff\xbe\xff\xf8\xff&\xff\x01\xff\x0f\xff\xf5\xff\x06\xff\xff\xff\xf7\xff!\xff\xde\xff\x02\xff&\xff\x0c\xff\x01\xff\xf5\xff\n" 400 484 "-" "-"
185.254.196.223 - - [15/Dec/2022:17:11:55 +0000] "GET /.env HTTP/1.1" 404 2430 "-" "Mozilla/5.0 (X11; Linux x86_64) AppleWebKit/537.36 (KHTML, like Gecko) Chrome/81.0.4044.129 Safari/537.36"
185.254.196.223 - - [15/Dec/2022:17:11:57 +0000] "POST / HTTP/1.1" 200 3746 "-" "Mozilla/5.0 (X11; Linux x86_64) AppleWebKit/537.36 (KHTML, like Gecko) Chrome/81.0.4044.129 Safari/537.36"
143.110.222.166 - - [15/Dec/2022:17:17:32 +0000] "GET / HTTP/1.1" 200 3690 "-" "Mozilla/5.0 (iPhone; CPU iPhone OS 16_1 like Mac OS X) AppleWebKit/605.1.15 (KHTML, like Gecko) Version/16.1 Mobile/15E148 Safari/604.1"
107.189.5.223 - - [15/Dec/2022:17:33:31 +0000] "GET / HTTP/1.1" 200 3709 "-" "Mozilla/5.0 (X11; Ubuntu; Linux x86_64; rv:76.0) Gecko/20100101 Firefox/76.0"
205.210.31.166 - - [15/Dec/2022:17:42:09 +0000] "GET / HTTP/1.1" 200 10982 "-" "Expanse, a Palo Alto Networks company, searches across the global IPv4 space multiple times per day to identify customers&#39; presences on the Internet. If you would like to be excluded from our scans, please send IP addresses/domains to: scaninfo@paloaltonetworks.com"
152.89.196.211 - - [15/Dec/2022:17:44:50 +0000] "GET /?XDEBUG_SESSION_START=phpstorm HTTP/1.1" 200 3709 "-" "Mozilla/5.0 (Windows NT 10.0; Win64; x64) AppleWebKit/537.36 (KHTML, like Gecko) Chrome/78.0.3904.108 Safari/537.36"
90.151.171.106 - - [15/Dec/2022:17:45:00 +0000] "CONNECT check.best-proxies.ru:443 HTTP/1.1" 400 61075 "-" "Mozilla/5.0 (Windows NT 6.1; rv:16.0) Gecko/20100101 Firefox/16.0 (+https://best-proxies.ru/faq/#from)"
90.151.171.106 - - [15/Dec/2022:17:45:10 +0000] "GET http://check.best-proxies.ru/ip.php?Z75600052982Q1 HTTP/1.1" 400 62355 "https://google.com/" "Mozilla/5.0 (Windows NT 6.1; rv:16.0) Gecko/20100101 Firefox/16.0 (+https://best-proxies.ru/faq/#from)"
92.118.39.29 - - [15/Dec/2022:17:54:07 +0000] "GET / HTTP/1.1" 200 10982 "-" "-"
139.59.106.244 - - [15/Dec/2022:17:58:03 +0000] "GET / HTTP/1.1" 301 559 "-" "Mozilla/5.0 (Windows NT 10.0; Win64; x64) AppleWebKit/537.36 (KHTML, like Gecko) Chrome/95.0.4638.69 Safari/537.36"
128.1.248.26 - - [15/Dec/2022:18:01:10 +0000] "GET / HTTP/1.1" 200 8275 "-" "Mozilla/5.0 (Windows NT 10.0; Win64; x64) AppleWebKit/537.36 (KHTML, like Gecko) Chrome/60.0.3112.113 Safari/537.36"
188.241.177.180 - - [15/Dec/2022:18:18:37 +0000] "GET /.env HTTP/1.1" 404 2430 "-" "Mozilla/5.0 (Linux; U; Android 4.4.2; en-US; HM NOTE 1W Build/KOT49H) AppleWebKit/534.30 (KHTML, like Gecko) Version/4.0 UCBrowser/11.0.5.850 U3/0.8.0 Mobile Safari/534.30"
188.241.177.180 - - [15/Dec/2022:18:18:37 +0000] "POST / HTTP/1.1" 200 3746 "-" "Mozilla/5.0 (Linux; U; Android 4.4.2; en-US; HM NOTE 1W Build/KOT49H) AppleWebKit/534.30 (KHTML, like Gecko) Version/4.0 UCBrowser/11.0.5.850 U3/0.8.0 Mobile Safari/534.30"
188.241.177.180 - - [15/Dec/2022:18:18:39 +0000] "GET /.env HTTP/1.1" 404 6958 "-" "Mozilla/5.0 (Linux; U; Android 4.4.2; en-US; HM NOTE 1W Build/KOT49H) AppleWebKit/534.30 (KHTML, like Gecko) Version/4.0 UCBrowser/11.0.5.850 U3/0.8.0 Mobile Safari/534.30"
143.110.222.166 - - [15/Dec/2022:18:20:31 +0000] "GET / HTTP/1.1" 200 3690 "-" "Mozilla/5.0 (iPhone; CPU iPhone OS 16_1 like Mac OS X) AppleWebKit/605.1.15 (KHTML, like Gecko) Version/16.1 Mobile/15E148 Safari/604.1"
157.245.204.210 - - [15/Dec/2022:18:24:25 +0000] "GET / HTTP/1.1" 301 559 "-" "Mozilla/5.0 (Windows NT 10.0; Win64; x64) AppleWebKit/537.36 (KHTML, like Gecko) Chrome/78.0.3904.108 Safari/537.36"
157.245.204.210 - - [15/Dec/2022:18:24:26 +0000] "GET / HTTP/1.1" 200 15627 "-" "Mozilla/5.0 (Windows NT 10.0; Win64; x64) AppleWebKit/537.36 (KHTML, like Gecko) Chrome/78.0.3904.108 Safari/537.36"
157.245.204.210 - - [15/Dec/2022:18:24:27 +0000] "GET //wp-includes/wlwmanifest.xml HTTP/1.1" 404 2525 "-" "Mozilla/5.0 (Windows NT 10.0; Win64; x64) AppleWebKit/537.36 (KHTML, like Gecko) Chrome/78.0.3904.108 Safari/537.36"
157.245.204.210 - - [15/Dec/2022:18:24:27 +0000] "GET //xmlrpc.php?rsd HTTP/1.1" 404 2478 "-" "Mozilla/5.0 (Windows NT 10.0; Win64; x64) AppleWebKit/537.36 (KHTML, like Gecko) Chrome/78.0.3904.108 Safari/537.36"
157.245.204.210 - - [15/Dec/2022:18:24:28 +0000] "GET / HTTP/1.1" 200 11095 "-" "Mozilla/5.0 (Windows NT 10.0; Win64; x64) AppleWebKit/537.36 (KHTML, like Gecko) Chrome/78.0.3904.108 Safari/537.36"
157.245.204.210 - - [15/Dec/2022:18:24:28 +0000] "GET //blog/wp-includes/wlwmanifest.xml HTTP/1.1" 404 2540 "-" "Mozilla/5.0 (Windows NT 10.0; Win64; x64) AppleWebKit/537.36 (KHTML, like Gecko) Chrome/78.0.3904.108 Safari/537.36"
157.245.204.210 - - [15/Dec/2022:18:24:28 +0000] "GET //web/wp-includes/wlwmanifest.xml HTTP/1.1" 404 2537 "-" "Mozilla/5.0 (Windows NT 10.0; Win64; x64) AppleWebKit/537.36 (KHTML, like Gecko) Chrome/78.0.3904.108 Safari/537.36"
157.245.204.210 - - [15/Dec/2022:18:24:29 +0000] "GET //wordpress/wp-includes/wlwmanifest.xml HTTP/1.1" 404 2555 "-" "Mozilla/5.0 (Windows NT 10.0; Win64; x64) AppleWebKit/537.36 (KHTML, like Gecko) Chrome/78.0.3904.108 Safari/537.36"
157.245.204.210 - - [15/Dec/2022:18:24:29 +0000] "GET //website/wp-includes/wlwmanifest.xml HTTP/1.1" 404 2549 "-" "Mozilla/5.0 (Windows NT 10.0; Win64; x64) AppleWebKit/537.36 (KHTML, like Gecko) Chrome/78.0.3904.108 Safari/537.36"
157.245.204.210 - - [15/Dec/2022:18:24:29 +0000] "GET //wp/wp-includes/wlwmanifest.xml HTTP/1.1" 404 2534 "-" "Mozilla/5.0 (Windows NT 10.0; Win64; x64) AppleWebKit/537.36 (KHTML, like Gecko) Chrome/78.0.3904.108 Safari/537.36"
157.245.204.210 - - [15/Dec/2022:18:24:30 +0000] "GET //news/wp-includes/wlwmanifest.xml HTTP/1.1" 404 2540 "-" "Mozilla/5.0 (Windows NT 10.0; Win64; x64) AppleWebKit/537.36 (KHTML, like Gecko) Chrome/78.0.3904.108 Safari/537.36"
157.245.204.210 - - [15/Dec/2022:18:24:31 +0000] "GET //2018/wp-includes/wlwmanifest.xml HTTP/1.1" 404 2540 "-" "Mozilla/5.0 (Windows NT 10.0; Win64; x64) AppleWebKit/537.36 (KHTML, like Gecko) Chrome/78.0.3904.108 Safari/537.36"
157.245.204.210 - - [15/Dec/2022:18:24:31 +0000] "GET //2019/wp-includes/wlwmanifest.xml HTTP/1.1" 404 2540 "-" "Mozilla/5.0 (Windows NT 10.0; Win64; x64) AppleWebKit/537.36 (KHTML, like Gecko) Chrome/78.0.3904.108 Safari/537.36"
157.245.204.210 - - [15/Dec/2022:18:24:31 +0000] "GET //shop/wp-includes/wlwmanifest.xml HTTP/1.1" 404 2540 "-" "Mozilla/5.0 (Windows NT 10.0; Win64; x64) AppleWebKit/537.36 (KHTML, like Gecko) Chrome/78.0.3904.108 Safari/537.36"
157.245.204.210 - - [15/Dec/2022:18:24:32 +0000] "GET //wp1/wp-includes/wlwmanifest.xml HTTP/1.1" 404 2537 "-" "Mozilla/5.0 (Windows NT 10.0; Win64; x64) AppleWebKit/537.36 (KHTML, like Gecko) Chrome/78.0.3904.108 Safari/537.36"
157.245.204.210 - - [15/Dec/2022:18:24:32 +0000] "GET //test/wp-includes/wlwmanifest.xml HTTP/1.1" 404 2540 "-" "Mozilla/5.0 (Windows NT 10.0; Win64; x64) AppleWebKit/537.36 (KHTML, like Gecko) Chrome/78.0.3904.108 Safari/537.36"
157.245.204.210 - - [15/Dec/2022:18:24:32 +0000] "GET //media/wp-includes/wlwmanifest.xml HTTP/1.1" 404 518 "-" "Mozilla/5.0 (Windows NT 10.0; Win64; x64) AppleWebKit/537.36 (KHTML, like Gecko) Chrome/78.0.3904.108 Safari/537.36"
157.245.204.210 - - [15/Dec/2022:18:24:32 +0000] "GET //wp2/wp-includes/wlwmanifest.xml HTTP/1.1" 404 2537 "-" "Mozilla/5.0 (Windows NT 10.0; Win64; x64) AppleWebKit/537.36 (KHTML, like Gecko) Chrome/78.0.3904.108 Safari/537.36"
157.245.204.210 - - [15/Dec/2022:18:24:33 +0000] "GET //site/wp-includes/wlwmanifest.xml HTTP/1.1" 404 2540 "-" "Mozilla/5.0 (Windows NT 10.0; Win64; x64) AppleWebKit/537.36 (KHTML, like Gecko) Chrome/78.0.3904.108 Safari/537.36"
157.245.204.210 - - [15/Dec/2022:18:24:33 +0000] "GET //cms/wp-includes/wlwmanifest.xml HTTP/1.1" 404 2537 "-" "Mozilla/5.0 (Windows NT 10.0; Win64; x64) AppleWebKit/537.36 (KHTML, like Gecko) Chrome/78.0.3904.108 Safari/537.36"
157.245.204.210 - - [15/Dec/2022:18:24:33 +0000] "GET //sito/wp-includes/wlwmanifest.xml HTTP/1.1" 404 2540 "-" "Mozilla/5.0 (Windows NT 10.0; Win64; x64) AppleWebKit/537.36 (KHTML, like Gecko) Chrome/78.0.3904.108 Safari/537.36"
192.241.197.80 - - [15/Dec/2022:18:40:40 +0000] "GET /hudson HTTP/1.1" 404 2380 "-" "Mozilla/5.0 zgrab/0.x"
185.180.143.79 - - [15/Dec/2022:18:45:51 +0000] "GET / HTTP/1.1" 200 8275 "-" "Mozilla/5.0 (Windows NT 10.0; Win64; x64) AppleWebKit/537.36 (KHTML, like Gecko) Chrome/60.0.3112.113 Safari/537.36"
157.245.204.210 - - [15/Dec/2022:18:51:08 +0000] "GET / HTTP/1.1" 301 559 "-" "Mozilla/5.0 (Windows NT 10.0; Win64; x64) AppleWebKit/537.36 (KHTML, like Gecko) Chrome/78.0.3904.108 Safari/537.36"
157.245.204.210 - - [15/Dec/2022:18:51:10 +0000] "GET / HTTP/1.1" 200 15627 "-" "Mozilla/5.0 (Windows NT 10.0; Win64; x64) AppleWebKit/537.36 (KHTML, like Gecko) Chrome/78.0.3904.108 Safari/537.36"
157.245.204.210 - - [15/Dec/2022:18:51:11 +0000] "GET //wp-includes/wlwmanifest.xml HTTP/1.1" 404 2525 "-" "Mozilla/5.0 (Windows NT 10.0; Win64; x64) AppleWebKit/537.36 (KHTML, like Gecko) Chrome/78.0.3904.108 Safari/537.36"
157.245.204.210 - - [15/Dec/2022:18:51:11 +0000] "GET //xmlrpc.php?rsd HTTP/1.1" 404 2478 "-" "Mozilla/5.0 (Windows NT 10.0; Win64; x64) AppleWebKit/537.36 (KHTML, like Gecko) Chrome/78.0.3904.108 Safari/537.36"
157.245.204.210 - - [15/Dec/2022:18:51:11 +0000] "GET / HTTP/1.1" 200 11095 "-" "Mozilla/5.0 (Windows NT 10.0; Win64; x64) AppleWebKit/537.36 (KHTML, like Gecko) Chrome/78.0.3904.108 Safari/537.36"
157.245.204.210 - - [15/Dec/2022:18:51:11 +0000] "GET //blog/wp-includes/wlwmanifest.xml HTTP/1.1" 404 2540 "-" "Mozilla/5.0 (Windows NT 10.0; Win64; x64) AppleWebKit/537.36 (KHTML, like Gecko) Chrome/78.0.3904.108 Safari/537.36"
157.245.204.210 - - [15/Dec/2022:18:51:12 +0000] "GET //web/wp-includes/wlwmanifest.xml HTTP/1.1" 404 2537 "-" "Mozilla/5.0 (Windows NT 10.0; Win64; x64) AppleWebKit/537.36 (KHTML, like Gecko) Chrome/78.0.3904.108 Safari/537.36"
157.245.204.210 - - [15/Dec/2022:18:51:12 +0000] "GET //wordpress/wp-includes/wlwmanifest.xml HTTP/1.1" 404 2555 "-" "Mozilla/5.0 (Windows NT 10.0; Win64; x64) AppleWebKit/537.36 (KHTML, like Gecko) Chrome/78.0.3904.108 Safari/537.36"
157.245.204.210 - - [15/Dec/2022:18:51:12 +0000] "GET //website/wp-includes/wlwmanifest.xml HTTP/1.1" 404 2549 "-" "Mozilla/5.0 (Windows NT 10.0; Win64; x64) AppleWebKit/537.36 (KHTML, like Gecko) Chrome/78.0.3904.108 Safari/537.36"
157.245.204.210 - - [15/Dec/2022:18:51:13 +0000] "GET //wp/wp-includes/wlwmanifest.xml HTTP/1.1" 404 2534 "-" "Mozilla/5.0 (Windows NT 10.0; Win64; x64) AppleWebKit/537.36 (KHTML, like Gecko) Chrome/78.0.3904.108 Safari/537.36"
157.245.204.210 - - [15/Dec/2022:18:51:13 +0000] "GET //news/wp-includes/wlwmanifest.xml HTTP/1.1" 404 2540 "-" "Mozilla/5.0 (Windows NT 10.0; Win64; x64) AppleWebKit/537.36 (KHTML, like Gecko) Chrome/78.0.3904.108 Safari/537.36"
157.245.204.210 - - [15/Dec/2022:18:51:13 +0000] "GET //2018/wp-includes/wlwmanifest.xml HTTP/1.1" 404 2540 "-" "Mozilla/5.0 (Windows NT 10.0; Win64; x64) AppleWebKit/537.36 (KHTML, like Gecko) Chrome/78.0.3904.108 Safari/537.36"
157.245.204.210 - - [15/Dec/2022:18:51:13 +0000] "GET //2019/wp-includes/wlwmanifest.xml HTTP/1.1" 404 2540 "-" "Mozilla/5.0 (Windows NT 10.0; Win64; x64) AppleWebKit/537.36 (KHTML, like Gecko) Chrome/78.0.3904.108 Safari/537.36"
157.245.204.210 - - [15/Dec/2022:18:51:14 +0000] "GET //shop/wp-includes/wlwmanifest.xml HTTP/1.1" 404 2540 "-" "Mozilla/5.0 (Windows NT 10.0; Win64; x64) AppleWebKit/537.36 (KHTML, like Gecko) Chrome/78.0.3904.108 Safari/537.36"
157.245.204.210 - - [15/Dec/2022:18:51:14 +0000] "GET //wp1/wp-includes/wlwmanifest.xml HTTP/1.1" 404 2537 "-" "Mozilla/5.0 (Windows NT 10.0; Win64; x64) AppleWebKit/537.36 (KHTML, like Gecko) Chrome/78.0.3904.108 Safari/537.36"
157.245.204.210 - - [15/Dec/2022:18:51:14 +0000] "GET //test/wp-includes/wlwmanifest.xml HTTP/1.1" 404 2540 "-" "Mozilla/5.0 (Windows NT 10.0; Win64; x64) AppleWebKit/537.36 (KHTML, like Gecko) Chrome/78.0.3904.108 Safari/537.36"
157.245.204.210 - - [15/Dec/2022:18:51:15 +0000] "GET //media/wp-includes/wlwmanifest.xml HTTP/1.1" 404 518 "-" "Mozilla/5.0 (Windows NT 10.0; Win64; x64) AppleWebKit/537.36 (KHTML, like Gecko) Chrome/78.0.3904.108 Safari/537.36"
157.245.204.210 - - [15/Dec/2022:18:51:15 +0000] "GET //wp2/wp-includes/wlwmanifest.xml HTTP/1.1" 404 2537 "-" "Mozilla/5.0 (Windows NT 10.0; Win64; x64) AppleWebKit/537.36 (KHTML, like Gecko) Chrome/78.0.3904.108 Safari/537.36"
157.245.204.210 - - [15/Dec/2022:18:51:15 +0000] "GET //site/wp-includes/wlwmanifest.xml HTTP/1.1" 404 2540 "-" "Mozilla/5.0 (Windows NT 10.0; Win64; x64) AppleWebKit/537.36 (KHTML, like Gecko) Chrome/78.0.3904.108 Safari/537.36"
157.245.204.210 - - [15/Dec/2022:18:51:15 +0000] "GET //cms/wp-includes/wlwmanifest.xml HTTP/1.1" 404 2537 "-" "Mozilla/5.0 (Windows NT 10.0; Win64; x64) AppleWebKit/537.36 (KHTML, like Gecko) Chrome/78.0.3904.108 Safari/537.36"
157.245.204.210 - - [15/Dec/2022:18:51:16 +0000] "GET //sito/wp-includes/wlwmanifest.xml HTTP/1.1" 404 2540 "-" "Mozilla/5.0 (Windows NT 10.0; Win64; x64) AppleWebKit/537.36 (KHTML, like Gecko) Chrome/78.0.3904.108 Safari/537.36"
162.55.85.226 - - [15/Dec/2022:18:54:49 +0000] "GET /robots.txt HTTP/1.1" 301 579 "-" "Mozilla/5.0 (compatible; BLEXBot/1.0; +http://webmeup-crawler.com/)"
162.55.85.226 - - [15/Dec/2022:18:54:49 +0000] "GET /robots.txt HTTP/1.1" 404 7210 "-" "Mozilla/5.0 (compatible; BLEXBot/1.0; +http://webmeup-crawler.com/)"
162.55.85.226 - - [15/Dec/2022:18:54:51 +0000] "GET /sitemap HTTP/1.1" 301 573 "-" "Mozilla/5.0 (compatible; BLEXBot/1.0; +http://webmeup-crawler.com/)"
162.55.85.226 - - [15/Dec/2022:18:54:51 +0000] "GET /robots.txt HTTP/1.1" 404 7210 "-" "Mozilla/5.0 (compatible; BLEXBot/1.0; +http://webmeup-crawler.com/)"
162.55.85.226 - - [15/Dec/2022:18:54:52 +0000] "GET /sitemap HTTP/1.1" 404 7201 "-" "Mozilla/5.0 (compatible; BLEXBot/1.0; +http://webmeup-crawler.com/)"
162.55.85.226 - - [15/Dec/2022:18:54:56 +0000] "GET /sitemap HTTP/1.1" 404 7201 "-" "Mozilla/5.0 (compatible; BLEXBot/1.0; +http://webmeup-crawler.com/)"
162.55.85.226 - - [15/Dec/2022:18:54:57 +0000] "GET /sitemap.txt HTTP/1.1" 301 581 "-" "Mozilla/5.0 (compatible; BLEXBot/1.0; +http://webmeup-crawler.com/)"
162.55.85.226 - - [15/Dec/2022:18:54:58 +0000] "GET /sitemap.txt HTTP/1.1" 404 7213 "-" "Mozilla/5.0 (compatible; BLEXBot/1.0; +http://webmeup-crawler.com/)"
162.55.85.226 - - [15/Dec/2022:18:55:02 +0000] "GET /sitemap.txt HTTP/1.1" 404 7213 "-" "Mozilla/5.0 (compatible; BLEXBot/1.0; +http://webmeup-crawler.com/)"
105.68.135.138 - - [15/Dec/2022:18:57:07 +0000] "GET /.env HTTP/1.1" 404 2430 "-" "Mozilla/5.0 (Linux; U; Android 4.4.2; en-US; HM NOTE 1W Build/KOT49H) AppleWebKit/534.30 (KHTML, like Gecko) Version/4.0 UCBrowser/11.0.5.850 U3/0.8.0 Mobile Safari/534.30"
105.68.135.138 - - [15/Dec/2022:18:57:08 +0000] "POST / HTTP/1.1" 200 3746 "-" "Mozilla/5.0 (Linux; U; Android 4.4.2; en-US; HM NOTE 1W Build/KOT49H) AppleWebKit/534.30 (KHTML, like Gecko) Version/4.0 UCBrowser/11.0.5.850 U3/0.8.0 Mobile Safari/534.30"
105.68.135.138 - - [15/Dec/2022:18:57:09 +0000] "GET /.env HTTP/1.1" 404 7206 "-" "Mozilla/5.0 (Linux; U; Android 4.4.2; en-US; HM NOTE 1W Build/KOT49H) AppleWebKit/534.30 (KHTML, like Gecko) Version/4.0 UCBrowser/11.0.5.850 U3/0.8.0 Mobile Safari/534.30"
105.68.135.138 - - [15/Dec/2022:18:57:09 +0000] "POST / HTTP/1.1" 200 8543 "-" "Mozilla/5.0 (Linux; U; Android 4.4.2; en-US; HM NOTE 1W Build/KOT49H) AppleWebKit/534.30 (KHTML, like Gecko) Version/4.0 UCBrowser/11.0.5.850 U3/0.8.0 Mobile Safari/534.30"
152.89.196.211 - - [15/Dec/2022:19:12:51 +0000] "GET /actuator/gateway/routes HTTP/1.1" 404 2453 "-" "Mozilla/5.0 (Windows NT 10.0; Win64; x64) AppleWebKit/537.36 (KHTML, like Gecko) Chrome/78.0.3904.108 Safari/537.36"
143.110.222.166 - - [15/Dec/2022:19:20:55 +0000] "GET / HTTP/1.1" 200 3690 "-" "Mozilla/5.0 (iPhone; CPU iPhone OS 16_1 like Mac OS X) AppleWebKit/605.1.15 (KHTML, like Gecko) Version/16.1 Mobile/15E148 Safari/604.1"
31.220.1.83 - - [15/Dec/2022:19:29:39 +0000] "GET / HTTP/1.1" 200 3690 "-" "Mozilla/5.0 (compatible; CensysInspect/1.1; +https://about.censys.io/)"
185.7.214.218 - - [15/Dec/2022:19:29:52 +0000] "GET /remote/fgt_lang?lang=/../../../..//////////dev/cmdb/sslvpn_websession HTTP/1.1" 404 7245 "-" "Python-urllib/3.8"
167.94.146.57 - - [15/Dec/2022:19:33:32 +0000] "GET / HTTP/1.1" 200 10982 "-" "-"
167.94.146.57 - - [15/Dec/2022:19:33:33 +0000] "GET / HTTP/1.1" 200 3690 "-" "Mozilla/5.0 (compatible; CensysInspect/1.1; +https://about.censys.io/)"
167.94.146.57 - - [15/Dec/2022:19:33:33 +0000] "PRI * HTTP/2.0" 400 484 "-" "-"
167.94.146.57 - - [15/Dec/2022:19:33:33 +0000] "GET /favicon.ico HTTP/1.1" 404 2414 "-" "Mozilla/5.0 (compatible; CensysInspect/1.1; +https://about.censys.io/)"
109.237.98.226 - - [15/Dec/2022:19:42:56 +0000] "GET / HTTP/1.0" 400 620 "-" "-"
109.237.98.226 - - [15/Dec/2022:19:42:56 +0000] "GET /.env HTTP/1.1" 404 7191 "-" "Mozilla/5.0 (X11; Linux x86_64) AppleWebKit/537.36 (KHTML, like Gecko) Chrome/81.0.4044.129 Safari/537.36"
87.236.176.168 - - [15/Dec/2022:19:55:48 +0000] "GET / HTTP/1.1" 200 8475 "-" "Mozilla/5.0 (compatible; InternetMeasurement/1.0; +https://internet-measurement.com/)"
2a02:c205:0:2362::1 - - [15/Dec/2022:20:04:36 +0000] "GET /wp-login.php HTTP/1.1" 301 546 "-" "Mozilla/5.0 (Windows NT 10.0; Win64; x64; rv:96.0) Gecko/20100101 Firefox/96"
2a02:c205:0:2362::1 - - [15/Dec/2022:20:04:37 +0000] "GET /wp-login.php HTTP/1.1" 404 6942 "http://10give.com/wp-login.php" "Mozilla/5.0 (Windows NT 10.0; Win64; x64; rv:96.0) Gecko/20100101 Firefox/96"
165.22.103.210 - - [15/Dec/2022:20:08:08 +0000] "GET / HTTP/1.1" 301 559 "-" "Mozilla/5.0 (Windows NT 10.0; Win64; x64) AppleWebKit/537.36 (KHTML, like Gecko) Chrome/78.0.3904.108 Safari/537.36"
165.22.103.210 - - [15/Dec/2022:20:08:10 +0000] "GET / HTTP/1.1" 200 15627 "-" "Mozilla/5.0 (Windows NT 10.0; Win64; x64) AppleWebKit/537.36 (KHTML, like Gecko) Chrome/78.0.3904.108 Safari/537.36"
165.22.103.210 - - [15/Dec/2022:20:08:10 +0000] "GET //wp-includes/wlwmanifest.xml HTTP/1.1" 404 2525 "-" "Mozilla/5.0 (Windows NT 10.0; Win64; x64) AppleWebKit/537.36 (KHTML, like Gecko) Chrome/78.0.3904.108 Safari/537.36"
165.22.103.210 - - [15/Dec/2022:20:08:11 +0000] "GET //xmlrpc.php?rsd HTTP/1.1" 404 2478 "-" "Mozilla/5.0 (Windows NT 10.0; Win64; x64) AppleWebKit/537.36 (KHTML, like Gecko) Chrome/78.0.3904.108 Safari/537.36"
165.22.103.210 - - [15/Dec/2022:20:08:11 +0000] "GET / HTTP/1.1" 200 11095 "-" "Mozilla/5.0 (Windows NT 10.0; Win64; x64) AppleWebKit/537.36 (KHTML, like Gecko) Chrome/78.0.3904.108 Safari/537.36"
165.22.103.210 - - [15/Dec/2022:20:08:11 +0000] "GET //blog/wp-includes/wlwmanifest.xml HTTP/1.1" 404 2540 "-" "Mozilla/5.0 (Windows NT 10.0; Win64; x64) AppleWebKit/537.36 (KHTML, like Gecko) Chrome/78.0.3904.108 Safari/537.36"
165.22.103.210 - - [15/Dec/2022:20:08:12 +0000] "GET //web/wp-includes/wlwmanifest.xml HTTP/1.1" 404 2537 "-" "Mozilla/5.0 (Windows NT 10.0; Win64; x64) AppleWebKit/537.36 (KHTML, like Gecko) Chrome/78.0.3904.108 Safari/537.36"
165.22.103.210 - - [15/Dec/2022:20:08:12 +0000] "GET //wordpress/wp-includes/wlwmanifest.xml HTTP/1.1" 404 2555 "-" "Mozilla/5.0 (Windows NT 10.0; Win64; x64) AppleWebKit/537.36 (KHTML, like Gecko) Chrome/78.0.3904.108 Safari/537.36"
165.22.103.210 - - [15/Dec/2022:20:08:12 +0000] "GET //website/wp-includes/wlwmanifest.xml HTTP/1.1" 404 2549 "-" "Mozilla/5.0 (Windows NT 10.0; Win64; x64) AppleWebKit/537.36 (KHTML, like Gecko) Chrome/78.0.3904.108 Safari/537.36"
165.22.103.210 - - [15/Dec/2022:20:08:13 +0000] "GET //wp/wp-includes/wlwmanifest.xml HTTP/1.1" 404 2534 "-" "Mozilla/5.0 (Windows NT 10.0; Win64; x64) AppleWebKit/537.36 (KHTML, like Gecko) Chrome/78.0.3904.108 Safari/537.36"
165.22.103.210 - - [15/Dec/2022:20:08:13 +0000] "GET //news/wp-includes/wlwmanifest.xml HTTP/1.1" 404 2540 "-" "Mozilla/5.0 (Windows NT 10.0; Win64; x64) AppleWebKit/537.36 (KHTML, like Gecko) Chrome/78.0.3904.108 Safari/537.36"
165.22.103.210 - - [15/Dec/2022:20:08:14 +0000] "GET //2018/wp-includes/wlwmanifest.xml HTTP/1.1" 404 2540 "-" "Mozilla/5.0 (Windows NT 10.0; Win64; x64) AppleWebKit/537.36 (KHTML, like Gecko) Chrome/78.0.3904.108 Safari/537.36"
165.22.103.210 - - [15/Dec/2022:20:08:14 +0000] "GET //2019/wp-includes/wlwmanifest.xml HTTP/1.1" 404 2540 "-" "Mozilla/5.0 (Windows NT 10.0; Win64; x64) AppleWebKit/537.36 (KHTML, like Gecko) Chrome/78.0.3904.108 Safari/537.36"
165.22.103.210 - - [15/Dec/2022:20:08:15 +0000] "GET //shop/wp-includes/wlwmanifest.xml HTTP/1.1" 404 2540 "-" "Mozilla/5.0 (Windows NT 10.0; Win64; x64) AppleWebKit/537.36 (KHTML, like Gecko) Chrome/78.0.3904.108 Safari/537.36"
165.22.103.210 - - [15/Dec/2022:20:08:15 +0000] "GET //wp1/wp-includes/wlwmanifest.xml HTTP/1.1" 404 2537 "-" "Mozilla/5.0 (Windows NT 10.0; Win64; x64) AppleWebKit/537.36 (KHTML, like Gecko) Chrome/78.0.3904.108 Safari/537.36"
165.22.103.210 - - [15/Dec/2022:20:08:15 +0000] "GET //test/wp-includes/wlwmanifest.xml HTTP/1.1" 404 2540 "-" "Mozilla/5.0 (Windows NT 10.0; Win64; x64) AppleWebKit/537.36 (KHTML, like Gecko) Chrome/78.0.3904.108 Safari/537.36"
165.22.103.210 - - [15/Dec/2022:20:08:17 +0000] "GET //media/wp-includes/wlwmanifest.xml HTTP/1.1" 404 518 "-" "Mozilla/5.0 (Windows NT 10.0; Win64; x64) AppleWebKit/537.36 (KHTML, like Gecko) Chrome/78.0.3904.108 Safari/537.36"
165.22.103.210 - - [15/Dec/2022:20:08:17 +0000] "GET //wp2/wp-includes/wlwmanifest.xml HTTP/1.1" 404 2537 "-" "Mozilla/5.0 (Windows NT 10.0; Win64; x64) AppleWebKit/537.36 (KHTML, like Gecko) Chrome/78.0.3904.108 Safari/537.36"
165.22.103.210 - - [15/Dec/2022:20:08:18 +0000] "GET //site/wp-includes/wlwmanifest.xml HTTP/1.1" 404 2540 "-" "Mozilla/5.0 (Windows NT 10.0; Win64; x64) AppleWebKit/537.36 (KHTML, like Gecko) Chrome/78.0.3904.108 Safari/537.36"
165.22.103.210 - - [15/Dec/2022:20:08:19 +0000] "GET //cms/wp-includes/wlwmanifest.xml HTTP/1.1" 404 2537 "-" "Mozilla/5.0 (Windows NT 10.0; Win64; x64) AppleWebKit/537.36 (KHTML, like Gecko) Chrome/78.0.3904.108 Safari/537.36"
165.22.103.210 - - [15/Dec/2022:20:08:19 +0000] "GET //sito/wp-includes/wlwmanifest.xml HTTP/1.1" 404 2540 "-" "Mozilla/5.0 (Windows NT 10.0; Win64; x64) AppleWebKit/537.36 (KHTML, like Gecko) Chrome/78.0.3904.108 Safari/537.36"
128.1.248.26 - - [15/Dec/2022:20:09:21 +0000] "GET / HTTP/1.1" 200 8275 "-" "Mozilla/5.0 (Windows NT 10.0; Win64; x64) AppleWebKit/537.36 (KHTML, like Gecko) Chrome/60.0.3112.113 Safari/537.36"
185.254.196.223 - - [15/Dec/2022:20:12:23 +0000] "GET /.env HTTP/1.1" 404 2430 "-" "Mozilla/5.0 (X11; Linux x86_64) AppleWebKit/537.36 (KHTML, like Gecko) Chrome/81.0.4044.129 Safari/537.36"
185.254.196.223 - - [15/Dec/2022:20:12:23 +0000] "POST / HTTP/1.1" 200 3746 "-" "Mozilla/5.0 (X11; Linux x86_64) AppleWebKit/537.36 (KHTML, like Gecko) Chrome/81.0.4044.129 Safari/537.36"
143.110.222.166 - - [15/Dec/2022:20:20:54 +0000] "GET / HTTP/1.1" 200 3690 "-" "Mozilla/5.0 (iPhone; CPU iPhone OS 16_1 like Mac OS X) AppleWebKit/605.1.15 (KHTML, like Gecko) Version/16.1 Mobile/15E148 Safari/604.1"
51.77.78.44 - - [15/Dec/2022:20:36:15 +0000] "GET /laravel/.env HTTP/1.1" 404 7230 "-" "Mozilla/5.0 (X11; Linux x86_64) AppleWebKit/537.36 (KHTML, like Gecko) Chrome/81.0.4044.129 Safari/537.36"
51.77.78.44 - - [15/Dec/2022:20:36:16 +0000] "POST / HTTP/1.1" 200 8543 "-" "Mozilla/5.0 (X11; Linux x86_64) AppleWebKit/537.36 (KHTML, like Gecko) Chrome/81.0.4044.129 Safari/537.36"
180.149.125.159 - - [15/Dec/2022:20:36:23 +0000] "GET / HTTP/1.1" 200 8275 "-" "Mozilla/5.0 (Windows NT 5.1; Win64; x64) AppleWebKit/537.36 (KHTML, like Gecko) Chrome/60.0.3112.90 Safari/537.36"
185.180.143.136 - - [15/Dec/2022:20:36:35 +0000] "GET / HTTP/1.1" 200 8275 "-" "Mozilla/5.0 (Windows NT 10.0; Win64; x64) AppleWebKit/537.36 (KHTML, like Gecko) Chrome/60.0.3112.113 Safari/537.36"
185.180.143.136 - - [15/Dec/2022:20:36:42 +0000] "GET /showLogin.cc HTTP/1.1" 404 6955 "-" "Mozilla/5.0 (Windows NT 10.0; Win64; x64) AppleWebKit/537.36 (KHTML, like Gecko) Chrome/60.0.3112.113 Safari/537.36"
152.89.196.211 - - [15/Dec/2022:20:41:32 +0000] "GET /vendor/phpunit/phpunit/src/Util/PHP/eval-stdin.php HTTP/1.1" 404 7280 "-" "Mozilla/5.0 (Windows NT 10.0; Win64; x64) AppleWebKit/537.36 (KHTML, like Gecko) Chrome/78.0.3904.108 Safari/537.36"
162.142.125.8 - - [15/Dec/2022:20:46:43 +0000] "GET / HTTP/1.1" 200 10982 "-" "-"
162.142.125.8 - - [15/Dec/2022:20:46:43 +0000] "GET / HTTP/1.1" 200 3690 "-" "Mozilla/5.0 (compatible; CensysInspect/1.1; +https://about.censys.io/)"
162.142.125.8 - - [15/Dec/2022:20:46:43 +0000] "PRI * HTTP/2.0" 400 484 "-" "-"
162.142.125.8 - - [15/Dec/2022:20:46:43 +0000] "GET /favicon.ico HTTP/1.1" 404 2414 "-" "Mozilla/5.0 (compatible; CensysInspect/1.1; +https://about.censys.io/)"
192.241.197.34 - - [15/Dec/2022:21:04:10 +0000] "GET /portal/redlion HTTP/1.1" 404 2404 "-" "Mozilla/5.0 zgrab/0.x"
143.110.222.166 - - [15/Dec/2022:21:07:25 +0000] "GET / HTTP/1.1" 200 3690 "-" "Mozilla/5.0 (iPhone; CPU iPhone OS 16_1 like Mac OS X) AppleWebKit/605.1.15 (KHTML, like Gecko) Version/16.1 Mobile/15E148 Safari/604.1"
152.89.196.211 - - [15/Dec/2022:21:44:16 +0000] "GET /?XDEBUG_SESSION_START=phpstorm HTTP/1.1" 200 8475 "-" "Mozilla/5.0 (Windows NT 10.0; Win64; x64) AppleWebKit/537.36 (KHTML, like Gecko) Chrome/78.0.3904.108 Safari/537.36"
90.151.171.108 - - [15/Dec/2022:21:47:50 +0000] "CONNECT v4.ident.me:443 HTTP/1.1" 400 60896 "-" "Mozilla/5.0 (Windows NT 6.1; rv:16.0) Gecko/20100101 Firefox/16.0 (+https://best-proxies.ru/faq/#from)"
90.151.171.108 - - [15/Dec/2022:21:48:04 +0000] "GET http://v4.ident.me?Z75600052982Q1 HTTP/1.1" 400 62077 "https://google.com/" "Mozilla/5.0 (Windows NT 6.1; rv:16.0) Gecko/20100101 Firefox/16.0 (+https://best-proxies.ru/faq/#from)"
143.110.222.166 - - [15/Dec/2022:22:21:01 +0000] "GET / HTTP/1.1" 200 3690 "-" "Mozilla/5.0 (iPhone; CPU iPhone OS 16_1 like Mac OS X) AppleWebKit/605.1.15 (KHTML, like Gecko) Version/16.1 Mobile/15E148 Safari/604.1"
139.162.207.84 - - [15/Dec/2022:22:21:05 +0000] "GET / HTTP/1.1" 200 3690 "-" "Mozilla/5.0 (Windows NT 10.0; Win64; x64) AppleWebKit/537.36 (KHTML, like Gecko) Chrome/60.0.3112.113 Safari/537.36"
139.162.207.84 - - [15/Dec/2022:22:21:10 +0000] "GET /showLogin.cc HTTP/1.1" 404 2398 "-" "Mozilla/5.0 (Windows NT 10.0; Win64; x64) AppleWebKit/537.36 (KHTML, like Gecko) Chrome/60.0.3112.113 Safari/537.36"
23.251.102.74 - - [15/Dec/2022:22:30:18 +0000] "GET / HTTP/1.1" 200 3690 "-" "Mozilla/5.0 (Windows NT 10.0; Win64; x64) AppleWebKit/537.36 (KHTML, like Gecko) Chrome/60.0.3112.113 Safari/537.36"
194.165.16.10 - - [15/Dec/2022:22:37:24 +0000] "\x03" 400 484 "-" "-"
194.165.16.10 - - [15/Dec/2022:22:37:24 +0000] "\x03" 400 484 "-" "-"
185.254.196.223 - - [15/Dec/2022:23:12:11 +0000] "GET /.env HTTP/1.1" 404 2430 "-" "Mozilla/5.0 (X11; Linux x86_64) AppleWebKit/537.36 (KHTML, like Gecko) Chrome/81.0.4044.129 Safari/537.36"
185.254.196.223 - - [15/Dec/2022:23:12:13 +0000] "POST / HTTP/1.1" 200 3746 "-" "Mozilla/5.0 (X11; Linux x86_64) AppleWebKit/537.36 (KHTML, like Gecko) Chrome/81.0.4044.129 Safari/537.36"
35.216.240.37 - - [15/Dec/2022:23:13:13 +0000] "GET / HTTP/1.1" 200 3690 "-" "Mozilla/5.0"
103.144.82.133 - - [15/Dec/2022:23:14:17 +0000] "GET / HTTP/1.1" 301 559 "-" "Mozilla/5.0 (Windows NT 10.0; Win64; x64) AppleWebKit/537.36 (KHTML, like Gecko) Chrome/76.0.3809.132 Safari/537.36"
143.110.222.166 - - [15/Dec/2022:23:20:53 +0000] "GET / HTTP/1.1" 200 3690 "-" "Mozilla/5.0 (iPhone; CPU iPhone OS 16_1 like Mac OS X) AppleWebKit/605.1.15 (KHTML, like Gecko) Version/16.1 Mobile/15E148 Safari/604.1"
152.89.196.211 - - [15/Dec/2022:23:28:44 +0000] "GET / HTTP/1.1" 200 8475 "-" "Mozilla/5.0 (Windows NT 10.0; Win64; x64) AppleWebKit/537.36 (KHTML, like Gecko) Chrome/78.0.3904.108 Safari/537.36"
45.227.254.54 - - [16/Dec/2022:00:06:34 +0000] "\x03" 400 484 "-" "-"
143.110.222.166 - - [16/Dec/2022:00:20:32 +0000] "GET / HTTP/1.1" 200 3690 "-" "Mozilla/5.0 (iPhone; CPU iPhone OS 16_1 like Mac OS X) AppleWebKit/605.1.15 (KHTML, like Gecko) Version/16.1 Mobile/15E148 Safari/604.1"
87.249.50.155 - - [16/Dec/2022:00:22:23 +0000] "HEAD / HTTP/1.1" 301 179 "-" "Mozilla/5.0 (Windows; U; Windows NT 6.1; ru; rv:1.9.2.2) Gecko/20100316 Firefox/3.6.2 WebMoney Advisor"
87.249.50.155 - - [16/Dec/2022:00:22:23 +0000] "HEAD / HTTP/1.1" 200 4833 "-" "Mozilla/5.0 (Windows; U; Windows NT 6.1; ru; rv:1.9.2.2) Gecko/20100316 Firefox/3.6.2 WebMoney Advisor"
184.105.247.194 - - [16/Dec/2022:00:44:26 +0000] "GET / HTTP/1.1" 200 3690 "-" "Mozilla/5.0 (Windows NT 10.0; Win64; x64) AppleWebKit/537.36 (KHTML, like Gecko) Chrome/105.0.0.0 Safari/537.36 Edg/105.0.1343.50"
184.105.247.194 - - [16/Dec/2022:00:48:11 +0000] "GET /favicon.ico HTTP/1.1" 404 2395 "-" "Mozilla/5.0 (Windows NT 10.0; Win64; x64) AppleWebKit/537.36 (KHTML, like Gecko) Chrome/105.0.0.0 Safari/537.36 Edg/105.0.1343.50"
40.124.4.99 - - [16/Dec/2022:00:57:58 +0000] "GET /.env HTTP/1.1" 404 7207 "-" "python-requests/2.28.1"
152.89.196.211 - - [16/Dec/2022:00:58:09 +0000] "GET /actuator/gateway/routes HTTP/1.1" 404 7199 "-" "Mozilla/5.0 (Windows NT 10.0; Win64; x64) AppleWebKit/537.36 (KHTML, like Gecko) Chrome/78.0.3904.108 Safari/537.36"
23.251.102.74 - - [16/Dec/2022:01:17:07 +0000] "GET / HTTP/1.1" 200 8275 "-" "Mozilla/5.0 (Windows NT 10.0; Win64; x64) AppleWebKit/537.36 (KHTML, like Gecko) Chrome/60.0.3112.113 Safari/537.36"
34.79.183.179 - - [16/Dec/2022:01:22:56 +0000] "GET /index.php HTTP/1.1" 404 2389 "-" "Mozilla/5.0 (Windows NT 10.0; Win64; x64) AppleWebKit/537.36 (KHTML, like Gecko) Chrome/105.0.0.0 Safari/537.36"
143.110.222.166 - - [16/Dec/2022:01:23:04 +0000] "GET / HTTP/1.1" 200 3690 "-" "Mozilla/5.0 (iPhone; CPU iPhone OS 16_1 like Mac OS X) AppleWebKit/605.1.15 (KHTML, like Gecko) Version/16.1 Mobile/15E148 Safari/604.1"
15.235.118.56 - - [16/Dec/2022:01:24:54 +0000] "GET /.env HTTP/1.1" 404 2393 "-" "axios/1.2.1"
15.235.118.56 - - [16/Dec/2022:01:24:54 +0000] "GET /.env HTTP/1.1" 404 2393 "-" "axios/1.2.1"
162.142.125.212 - - [16/Dec/2022:01:51:06 +0000] "GET / HTTP/1.1" 200 3690 "-" "Mozilla/5.0 (compatible; CensysInspect/1.1; +https://about.censys.io/)"
162.142.125.212 - - [16/Dec/2022:01:51:06 +0000] "PRI * HTTP/2.0" 400 484 "-" "-"
162.142.125.212 - - [16/Dec/2022:01:51:06 +0000] "GET /favicon.ico HTTP/1.1" 404 2414 "-" "Mozilla/5.0 (compatible; CensysInspect/1.1; +https://about.censys.io/)"
107.189.5.223 - - [16/Dec/2022:02:00:16 +0000] "GET / HTTP/1.1" 200 3709 "-" "Mozilla/5.0 (X11; Ubuntu; Linux x86_64; rv:76.0) Gecko/20100101 Firefox/76.0"
90.151.171.106 - - [16/Dec/2022:02:09:30 +0000] "CONNECT ip.bablosoft.com:443 HTTP/1.1" 400 60984 "-" "Mozilla/5.0 (Windows NT 6.1; rv:16.0) Gecko/20100101 Firefox/16.0 (+https://best-proxies.ru/faq/#from)"
90.151.171.106 - - [16/Dec/2022:02:09:40 +0000] "GET http://ip.bablosoft.com/?Z75600052982Q1 HTTP/1.1" 400 62167 "https://google.com/" "Mozilla/5.0 (Windows NT 6.1; rv:16.0) Gecko/20100101 Firefox/16.0 (+https://best-proxies.ru/faq/#from)"
185.254.196.223 - - [16/Dec/2022:02:11:47 +0000] "GET /.env HTTP/1.1" 404 2430 "-" "Mozilla/5.0 (X11; Linux x86_64) AppleWebKit/537.36 (KHTML, like Gecko) Chrome/81.0.4044.129 Safari/537.36"
185.254.196.223 - - [16/Dec/2022:02:11:47 +0000] "POST / HTTP/1.1" 200 3746 "-" "Mozilla/5.0 (X11; Linux x86_64) AppleWebKit/537.36 (KHTML, like Gecko) Chrome/81.0.4044.129 Safari/537.36"
92.118.39.29 - - [16/Dec/2022:02:13:48 +0000] "GET / HTTP/1.1" 200 10982 "-" "-"
34.76.158.233 - - [16/Dec/2022:02:16:38 +0000] "GET / HTTP/1.1" 200 8346 "-" "python-requests/2.28.1"
143.110.222.166 - - [16/Dec/2022:02:21:21 +0000] "GET / HTTP/1.1" 200 3690 "-" "Mozilla/5.0 (iPhone; CPU iPhone OS 16_1 like Mac OS X) AppleWebKit/605.1.15 (KHTML, like Gecko) Version/16.1 Mobile/15E148 Safari/604.1"
205.185.114.222 - - [16/Dec/2022:02:39:50 +0000] "POST /boaform/admin/formLogin HTTP/1.1" 404 2491 "http://172.104.12.97:80/admin/login.asp" "Mozilla/5.0 (X11; Ubuntu; Linux x86_64; rv:71.0) Gecko/20100101 Firefox/71.0"
185.7.214.218 - - [16/Dec/2022:02:43:18 +0000] "GET /remote/fgt_lang?lang=/../../../..//////////dev/cmdb/sslvpn_websession HTTP/1.1" 404 7245 "-" "Python-urllib/3.8"
194.55.186.216 - - [16/Dec/2022:03:07:22 +0000] "POST /boaform/admin/formLogin HTTP/1.1" 404 2491 "http://172.104.12.97:80/admin/login.asp" "Mozilla/5.0 (X11; Ubuntu; Linux x86_64; rv:71.0) Gecko/20100101 Firefox/71.0"
143.110.222.166 - - [16/Dec/2022:03:25:38 +0000] "GET / HTTP/1.1" 200 3690 "-" "Mozilla/5.0 (iPhone; CPU iPhone OS 16_1 like Mac OS X) AppleWebKit/605.1.15 (KHTML, like Gecko) Version/16.1 Mobile/15E148 Safari/604.1"
159.223.222.246 - - [16/Dec/2022:03:28:21 +0000] "\x16\x03\x01" 400 484 "-" "-"
159.223.222.246 - - [16/Dec/2022:03:28:21 +0000] "\x16\x03\x01" 400 484 "-" "-"
159.223.222.246 - - [16/Dec/2022:03:28:21 +0000] "GET / HTTP/1.1" 200 3690 "-" "Mozilla/5.0 (Windows NT 10.0; Win64; x64) AppleWebKit/537.36 (KHTML, like Gecko) Chrome/108.0.0.0 Safari/537.36"
162.221.192.26 - - [16/Dec/2022:03:54:50 +0000] "GET / HTTP/1.1" 200 8275 "-" "Mozilla/5.0 (Windows NT 10.0; Win64; x64) AppleWebKit/537.36 (KHTML, like Gecko) Chrome/60.0.3112.113 Safari/537.36"
